
Q: Great to meet you, Zander. That shift from one-off installs to planned maintenance contracts at Harlow & Pike is a strong foundation to build from.

Let's get straight into it so we can build your Practice Blueprint efficiently.

What problems do owners and colleagues keep coming back to ask you to help with?
A: Aye, they do, and it's usually the same three things if I'm honest.

First is margin — they're winning work but the money's not there at the end of the job, and half the time they don't really know why. Second is being stuck in the middle of everything — the MD's still the one answering every site call and signing off every decision, and they're exhausted with it. And third is cash flow, particularly retentions sitting out there for months that nobody's chasing properly.

That's what lands in my inbox, and that's what I've actually lived through myself, so I can talk to it straight.

Q: Margin bleed, owner dependency, and retention cash. All three are vivid and credible. Which industries would be most impressed by your results at Harlow & Pike, where those problems really land?
A: Building services is the obvious home — HVAC contractors, M&E firms, electrical contractors. These are businesses doing anywhere from a couple of million to maybe twenty million, usually family-owned or founder-led, and those three problems I mentioned are almost universal in that world.

Facilities management firms are worth a look too, particularly the ones doing their own in-house maintenance rather than just managing subcontractors.

The reason my Harlow & Pike story lands well there is I'm not talking theory — I'm talking about a business that had exactly those headaches, and we fixed them. That counts for a lot with an MD who's been burned by consultants who've never set foot on a live site.

Q: HVAC, M&E, electrical contractors, and facilities management. Good. In those businesses, who actually signs off on bringing someone like you in?
A: It's the MD or the owner, almost without exception. In these businesses there's rarely a layer between the top and the work — that's half the problem, frankly. You might get a finance director or an ops manager flagging that something needs to change, but the decision to spend money on outside help sits with the person whose name's on the building or whose dad started the firm.

Q: MD or owner, clear. Who will you not work with, whatever they pay?
A: Start-ups — I've nowt to offer someone who hasn't got a business running yet, my experience is in fixing and scaling what's already there.

Anyone who wants a quick fix without putting the work in — I can spot that in the first conversation and I'll walk away, because it wastes both our time.

And anyone under about a million in turnover — the problems are different at that size and the fee doesn't make sense for them either.

Q: No start-ups, no quick-fix seekers, nobody under a million. Noted. What is the least you would take per client per month?
A: £1,950 a month. That's where I start, and it reflects that I'm not just jumping on a call once a fortnight — I want to get properly into the numbers and the operation, especially early on. Some of that will feel more like hands-on consulting than pure coaching, and that's how I like it.

Q: £1,950, noted. How many clients do you want to carry at once?
A: Eight is the right number for me. Enough to build something meaningful, not so many that I'm spread thin and giving people half my attention. These businesses need proper time, not a conveyor belt.

Q: Eight clients, good. Can your LinkedIn say you are a business coach, or do you need to stay discreet for now?
A: No, I'm fine to be open about it. I left Harlow & Pike last year so there's no conflict there. LinkedIn's public and I can update it to say I coach — probably something along the lines of helping building services contractors get out of the weeds and grow without the MD being the bottleneck. That's the message that'll land with the right people.

Q: Public and open, great. What is the best mobile number for booking reminders and for us to reach you?
A: 07700 900123 — that's me, always on.

Q: Got it. Which days and times do you want to run client sessions?
A: Tuesdays and Wednesdays, eight till two. That gives me a clean block for client work mid-week, and keeps my Mondays and Thursday afternoons free for prospect calls and business development. Keeps a bit of structure to the week, which I think is important when you're running your own practice.

Q: Tuesdays and Wednesdays eight till two for clients, Mondays and Thursday afternoons for prospects. Do you want to confirm those prospect call times, or is there a tighter window within those days?
A: Monday and Thursday afternoons work well — I'd say from about one o'clock onwards on both days. That gives me the mornings for any prep or follow-up work and I'm fresh for conversations in the afternoon rather than squeezing them in around everything else.

Q: Mondays and Thursdays from 1pm, noted. How many hours a week can you give the practice right now, outside of client and prospect calls?
A: I'd say fifteen hours a week comfortably — that covers the prep, the follow-up, any content I'm putting out, and the business development work that isn't direct prospect calls. I'm not stretching myself thin from the off, but fifteen hours is a serious commitment and enough to build properly.

Q: Fifteen hours, solid foundation. Do you want your own domain for the practice site, or a Profit Coach page under your name?
A: A Profit Coach page under my name works fine for now. I don't need to overcomplicate it at this stage — what matters is getting in front of the right MDs and having something credible to point them to. We can always build something more bespoke down the line if it makes sense.

Q: Profit Coach page it is. For email, do you want to use your own address or shall we set one up for you?
A: Set one up for me — keeps it clean and professional from the start rather than using a personal address that doesn't look the part.

Q: Perfect, we will set that up for you. That is everything we need, Zander. We will now write your Practice Blueprint: avatar and pain points, LinkedIn headline and about section, outreach campaigns, follow-up sequences, newsletter template, and your sales script, all built around building services contractors and the margin and owner-dependency problems you solve. We will be in touch shortly with the first draft.

MISSING [ 'identity.linkedin_url', 'market.industries_worked' ] score 80
