
===== story:bio (17s, 2221 chars)
Zander Demo spent his career inside building services, running operations at Harlow & Pike where he grew the HVAC division from £4.2m to £11.8m in five years. He now coaches MDs in M&E, HVAC and electrical contracting who are winning work but losing margin, and who can't step back because everything still runs through them.

- **£4.2m to £11.8m** HVAC division revenue grown at Harlow & Pike
- **5 years** Timeframe for that growth
- **8** Maximum clients carried at one time

### Proof inventory

| Result | Where | Timeframe | How | Status |
| --- | --- | --- | --- | --- |
| Revenue grew from £4.2m to £11.8m in the HVAC division | Harlow & Pike Building Services, Operations Director | 5 years | Shifted the model from one-off installs to planned maintenance contracts; tightened job pricing to hold margin through growth | Ready |

### Short bio

I spent fifteen years running operations in building services, finishing as Operations Director at Harlow & Pike where I grew the HVAC division from £4.2m to £11.8m. I fixed the same problems there that I now see in almost every M&E and electrical contracting business I talk to: margin that disappears by the time the job closes, an MD who's still answering every site call, and retentions sitting unpaid for months. I work with eight building services contractors at a time, getting into the numbers and the operation from day one.

### One-line introduction

Zander Demo is a business coach for M&E and HVAC contractors, with a background growing a building services division from £4.2m to £11.8m, helping MDs fix margin bleed, get out of the weeds, and stop retentions sitting idle.

### For partners and events

Zander Demo spent fifteen years in building services, finishing as Operations Director at Harlow & Pike where he grew the HVAC division from £4.2m to £11.8m over five years. He achieved that by moving the business from one-off installs to planned maintenance contracts and tightening job pricing to protect margin through growth. He now coaches MDs in M&E, HVAC and electrical contracting businesses, working with up to eight clients at a time on margin, owner dependency, and cash flow. He is based in Leeds and works with contractors across the UK.

===== market:options (26s, 3285 chars)
Zander's strongest market is HVAC and M&E contractors, where his Harlow & Pike proof lands immediately and the three problems he solves are universal.

| Option | Value | Pain | Growing | Easy to find | Purchasing power |
| --- | --- | --- | --- | --- | --- |
| HVAC and M&E contractors (£2m–£20m) | 5 | 5 | 4 | 5 | 4 |
| Electrical contractors (£1m–£15m) | 4 | 5 | 4 | 4 | 4 |
| Facilities management firms (own in-house maintenance) | 3 | 4 | 4 | 3 | 3 |

### HVAC and M&E contractors

This is where Zander's proof is sharpest. Growing a HVAC division from £4.2m to £11.8m by moving from one-off installs to planned maintenance contracts is exactly the kind of story an MD in this space respects, because it describes their own business and what it could become. Margin bleed, retentions sitting unpaid, and an owner buried in site calls are not occasional problems here - they are the standard operating condition. MDs in HVAC and M&E are straightforward to find on LinkedIn, they sign off all buying decisions themselves, and at £2m to £20m turnover they carry the purchasing power to pay £1,950 a month without the fee becoming the conversation.

### Electrical contractors

Electrical contractors share the same pain profile as HVAC and M&E: jobs that look profitable at the quote stage and bleed margin by completion, owners who are the hub of every decision, and cash tied up in retentions. Zander's operational background transfers cleanly - the job costing disciplines and the shift to recurring revenue are as relevant here as in HVAC. The sector scores slightly lower on value because Zander's named proof sits in HVAC, not electrical, so there is a small credibility gap to bridge in the first conversation. That said, the problems and the buyer type are near-identical, making this a strong secondary market.

### Facilities management firms

FM firms running their own in-house maintenance teams face similar operational pressure, but the profile is less consistent. Larger FM firms are often divisions of bigger groups where the MD does not hold the buying decision. Smaller owner-led FM businesses exist but are harder to identify cleanly on LinkedIn, and purchasing power varies more widely. Zander's proof applies, but the connection requires more explanation than it does with HVAC or electrical. This market is worth keeping in view, but it is not the place to start.

### Recommended core client

> My core client is an MD or owner of an HVAC, M&E or mechanical and electrical contracting business with 10 to 50 employees doing £1M to £20M revenue.

> **If HVAC and electrical feel equally close on the Decision Call:** Ask the prospect one question: how does your business make most of its money - installs, planned maintenance, or a mix? If the answer involves planned maintenance contracts or service agreements, you are in HVAC and M&E territory and your Harlow & Pike story lands directly. If it is project-by-project electrical installation with no recurring element, you are in electrical contracting and you lead with the job costing and margin discipline story instead. Both are strong. Pick the market where you have spoken to at least three owners already, because early conversations build the pattern recognition that makes the next ten calls easier.

===== market:avatar (48s, 6396 chars)
Margin-Blind Mike: MD of a 25-person M&E contracting firm in the North of England, winning more work than ever and wondering where the money keeps going.

- **Name:** Mike
- **Age:** 42 to 54
- **Location:** North of England, Midlands, or Scotland - typically within two hours of a major conurbation
- **Business:** M&E or HVAC contracting firm, mix of installs and some service work
- **Revenue:** £2m to £12m
- **Team:** 15 to 40 staff - engineers, site supervisors, an admin or two, maybe a contracts manager
- **Role:** MD or Owner. Also still the de facto estimator, site escalation point, and main client contact
- **Time in the business:** 10 to 25 years - built it himself or took over from a parent

### A day in the life

It is 7.15am on a Tuesday. Mike is in the van on the A1, heading to a site in Doncaster before the office opens, because the main contractor called him at 6.50 to say one of his engineers didn't show and they want answers from the top. He had planned to spend this morning reviewing the pricing on a £380k tender that needs to go out by Friday. That won't happen now. His phone buzzes twice before he hits the dual carriageway: one message from his contracts manager asking whether to approve a materials order, one from a customer chasing a service report that should have gone out last week. He answers both while stationary at a junction. By the time he walks onto site he has a loose plan to get back to the office by eleven, review the tender over lunch, and spend the afternoon on a job review for a contract that closed six weeks ago but whose final account still doesn't stack up. He knows the job lost money. He isn't sure how much, or exactly where it went. That is what he keeps meaning to look at properly.

### In his words

> We're busier than we've ever been. The order book's full, the lads are flat out, we're winning decent work. So why does it feel like I'm running faster just to stay in the same place? Last year we turned over more than the year before and I took less home. I don't fully understand that. I know some jobs ran over, I know there were a few retention holdbacks that dragged on, and I know we had to price tight on a couple of contracts to keep the guys busy through winter. But I can't put my finger on exactly where it went. My accountant gives me the year-end numbers and I nod along, but by then it's history. I spend my days firefighting and my evenings wondering if I'm actually building something or just creating a job for myself that I can never leave. I keep thinking if I could just get on top of things, if I could get the right people doing the right stuff, it would feel different. I'm not sure what different looks like though, if I'm honest.

### What they want

- To know, in real time, whether a job is making or losing money - before it's too late to do anything about it.
- To stop being the person every problem escalates to. To trust the contracts manager, the supervisor, the office to handle it.
- To grow revenue without the wheels coming off - more work, same margin, not more chaos.
- To take a proper holiday without the phone ringing every other day.
- To build something they can eventually step back from, sell, or hand on - not a business that only works because they're in it.

### What they fear

- Winning a big contract, throwing resource at it, and finding out twelve months later the job lost £80k.
- A key engineer or supervisor walking out and taking half the site knowledge with them.
- Cash running dry in a bad month because three retentions are still sitting unpaid and a VAT bill just landed.
- Handing over responsibility to someone in the team and it going wrong in a way that costs the business its reputation with a main contractor.
- Working this hard in ten years' time and having nothing to show for it structurally - no equity, no exit, just more of the same.

### What they have tried

- Hired a contracts manager to take the pressure off, but still ends up pulled in because the CM doesn't have the authority or the confidence to make calls.
- Bought estimating or job costing software that the team uses inconsistently, so the numbers are never quite right.
- Had conversations with their accountant about profitability, got a set of reports they don't fully trust, and went back to running on instinct.
- Taken on a business adviser through a local growth scheme who gave good general advice but had never run a site in their life.

### What they suspect

- That coaches and consultants charge good money to tell you things you already know, dressed up in a framework.
- That anyone who hasn't worked in building services or run a live contract will waste the first six months just learning how the industry works.
- That most of the advice they'd get is generic - fix your systems, delegate more, set KPIs - without any understanding of retentions, subbies, variation orders, or how a main contractor actually behaves.
- That they could probably figure it out themselves if they had more time, which they never do.

### What finally makes them act

- A job closes and the final account comes in £60k under where it should have been, with no clear explanation.
- They miss a child's school event, a weekend away, or a conversation with their partner - and feel it.
- A retention that's been sitting unpaid for fourteen months gets written off, and they realise nobody was chasing it.
- A trusted engineer hands in his notice and they suddenly see how much of the operation lives in one person's head.
- They do the maths on what they took home last year against the hours they worked, and the number shocks them.

### How they talk

| Thing | What they call it |
| --- | --- |
| Customers | Clients, main contractors, or the client - rarely 'customers' |
| Staff | The lads, the engineers, the guys on the tools, the office |
| Jobs | Contracts, projects, schemes, or jobs |
| Money owed | Retentions, holdbacks, final account, Applications for Payment |
| Profit on a job | Margin - or what's left when the dust settles |
| Subcontractors | Subbies |
| Changes to scope | Variations, extras, or change orders |

### Ready to act

> I've built a decent business but I'm not sure it's working for me anymore. I need to understand where the margin's going, get the right people making decisions without me, and actually start running this place instead of being run by it.

===== story:onepager (33s, 4274 chars)
Zander Demo spent fifteen years running operations in building services, finishing as Operations Director at Harlow & Pike where he grew the HVAC division from £4.2m to £11.8m in five years. He now coaches MDs and owners of M&E, HVAC and electrical contracting businesses who are winning work but losing margin, and who can't step back because everything still runs through them.

- **£4.2m to £11.8m** HVAC division revenue grown at Harlow & Pike over five years
- **8** Maximum clients carried at one time, so each gets proper attention
- **15+ years** Inside building services, from project engineer to operations director

### Who I help

My core client is the MD or owner of an HVAC, M&E or electrical contracting business turning over £1m to £20m with 10 to 50 staff. They built the business themselves, or inherited it and grew it. They are the best estimator in the room, the first call when a site goes wrong, and the person signing off decisions that their contracts manager or supervisors should be handling. The order book is full. The margins are not. They are working harder than ever and quietly wondering whether any of it is actually building something, or whether they are just creating a job they can never leave.

### The problems I fix

- Margin that disappears by the time the job closes, with no clear picture of where it went until it is too late to do anything about it.
- The MD stuck answering every site call and signing off every order, because the team doesn't have the authority or the confidence to make decisions without them.
- Retentions sitting unpaid for months with nobody chasing them, quietly draining cash while the next job ramps up.
- Revenue growing but profit not following, and an owner who can't explain the gap to themselves, let alone their accountant.

### How I work

1. **First conversation.** A straight conversation about the business: where the margin is going, where the owner is spending their time, and what the next twelve months need to look like. No pitch, no framework presentation. I want to understand the operation before I say anything useful.
2. **Into the numbers and the operation.** From day one I get into job reviews, pricing discussions and the weekly numbers. I bring a rhythm of visibility that most building services businesses don't have, so owners can see problems forming before they become expensive. This feels more like hands-on consulting early on, and that is deliberate.
3. **Building the business that works without you.** Over time we shift decisions down to the right people, tighten the model so margin holds through growth, and build the structure that lets the owner run the business instead of being run by it. Sessions run Tuesdays and Wednesdays. Progress is measured in numbers, not conversations.

### Results

- Grew the HVAC division at Harlow & Pike from £4.2m to £11.8m in five years by shifting from one-off installs to planned maintenance contracts and tightening job pricing to protect margin through growth.
- Fixed the same margin, dependency and retention problems at Harlow & Pike that I now see in almost every M&E and electrical contracting business I talk to, from the inside, running a live operation.

### Working together

If you work with MDs or owners of building services businesses, the clients most likely to benefit from an introduction are the ones who are growing but frustrated: revenue is up, the order book is healthy, but profit is thinner than it should be and the owner is still the hub of every decision. Accountants often see it first in the year-end numbers. Solicitors see it when an owner starts thinking about exit and realises the business doesn't run without them. Finance brokers see it when a cash flow problem turns out to be a retentions problem nobody has been managing. An introduction to Zander costs nothing and gives your client access to someone who has run a building services operation at this scale, not someone who has read about it. The minimum engagement is £1,950 a month. Zander carries a maximum of eight clients, so capacity is limited.

- **LinkedIn:** linkedin.com/in/zander-demo
- **Web:** Profit Coach page (profitcoach.co.uk/zander-demo)
- **Location:** Leeds, West Yorkshire. Works with contractors across the UK.

===== voice:sound (24s, 2728 chars)
Zander talks like someone who's run a live operation, not read about one. He's direct, grounded in specifics, and has no patience for waffle.

- **Tone:** Straight-talking, practical, dry, confident, unpretentious
- **Pace:** Measured. He finishes his sentences. No rush, no filler.
- **Formality:** Low. First names, plain English, no titles or corporate distance.
- **Humour:** Dry and occasional. A wry observation rather than a punchline.
- **Regional flavour:** West Yorkshire. 'Aye', 'nowt', 'the lads'. Not performed, just natural.

### Sounds like

- Aye, it's usually the same three things. Margin disappearing, the MD stuck in the middle of everything, and retentions nobody's chasing.
- I've lived through all of it myself, so I can talk to it straight rather than off a slide deck.
- Eight clients is the right number. Enough to build something proper, not so many I'm giving everyone half my attention.

### Does not sound like

- Let's unpack your leadership journey and explore the transformational levers available to your organisation.
- I'm passionate about empowering business owners to unlock their full potential and navigate the path to sustainable growth.
- In today's competitive landscape, robust systems are crucial for seamless scalability and elevated profitability.

### Words and phrases to use

- Margin, retentions, job costing, final account, variations
- The lads, the engineers, the site, the office
- Contracts, schemes, jobs
- Subbies, main contractor, applications for payment
- Get into the numbers, get out of the weeds, get proper visibility
- Aye, nowt, straight, proper
- MD, owner, the person whose name's on the building
- Fix it, spot it early, chase it down
- I've seen it, I've lived it, I can talk to it straight

### Words to avoid

- Empower, elevate, unlock, seamless, robust, crucial
- Journey, transformation, pivot
- Leverage (as a verb)
- Unpack, dive deep, cut through the noise
- Customers (say clients, main contractors, or the client)
- Deliverables, outcomes, frameworks, toolkits
- Passionate, excited to share, honoured to announce

### A message in your voice

**Example**

```text
Hi Mike, I work with MDs in M&E and HVAC contracting who are winning decent work but can't work out where the margin's going. I spent fifteen years in building services, the last few as Operations Director at Harlow & Pike, so I know what a job review looks like when the numbers don't stack up. I only work with eight contractors at a time and I get into the numbers early, not just the big picture stuff. Worth a twenty-minute call to see if it's relevant to you?
```

_Use for LinkedIn connection follow-up or cold outreach to an M&E or HVAC MD. Keep it this short. No preamble._

===== market:pains (49s, 6685 chars)
Under every problem Mike describes, there is one sentence: 'We're turning over more than ever and I took less home last year, and I can't tell you exactly why.'

| Pain | What they say out loud | What it costs | What they want instead | Lever |
| --- | --- | --- | --- | --- |
| Margin bleed on jobs | 'We won the work, the lads were flat out, and by the time the final account closed there was nowt left. I still can't put my finger on where it went.' | £20k to £80k walking out the door on a single contract, year after year, with no clear cause and no early warning | Real-time visibility on job margin so problems are caught at week four, not month twelve | Profit margin, job costing rhythm |
| MD is the bottleneck for every decision | 'My contracts manager's good, but he still rings me about stuff he should be handling himself. I'm fielding site calls at seven in the morning.' | Two to three hours a day on decisions others could make; the work that actually moves the business never gets done | A team that makes calls confidently, with the MD stepping in only when it genuinely needs them | Owner dependency, Control pillar |
| Retentions sitting unpaid for months | 'We've got retention money out there from jobs that closed over a year ago. Nobody's really chasing it. It just sits there.' | Tens of thousands in cash tied up; in a tight month that gap is the difference between comfortable and scrambling | A proper retention tracker with someone accountable for chasing every holdback on a set schedule | Cash flow, Velocity pillar |
| No early warning on problem jobs | 'By the time I know a job's in trouble, it's too late to do anything about it. The damage is done.' | Lost margin that could have been recovered with a variation or a pricing correction six weeks earlier | Weekly numbers that flag a job running over before it becomes a write-off | Profit margin, Control pillar |
| Winning work but not growing profit | 'Turnover's up every year. What I take home isn't. Something's not adding up and I don't know what to fix first.' | The owner works harder each year for the same or less reward; the business feels bigger but not better | Revenue growth that actually converts to more cash in the owner's pocket | Profit margin, average sale value, repeat business |
| Pricing tight to keep the lads busy | 'We had a quiet patch in January so I priced a couple of contracts keener than I should have. Kept everyone working but I think we lost money on both.' | Subsidising turnover with margin; builds a pipeline of loss-making work that takes months to unwind | A pricing discipline that holds margin even when the order book looks thin | Profit margin, conversion |
| Can't step away without it falling apart | 'I took four days off last summer. The phone didn't stop. I came back more stressed than when I left.' | No real holiday, no proper switch-off, and a growing suspicion the business only works because the owner is always in it | A business that runs for a week without the MD and nobody panics | Owner dependency, Value pillar |

### At 3am

> That job in Sheffield - I still don't know what we actually made on it.
> If Dave handed his notice in tomorrow, I'm not sure we'd cope.
> I've been at this fifteen years. I should have more to show for it by now.
>
> Mike, 3am

### Main desire hooks

- Are you looking to know, in real time, whether a job is making or losing money before it's too late to fix it?
- Are you looking to stop being the person every site call and every decision escalates to?
- Are you looking to grow the order book without the margin disappearing by the time the dust settles?

### Buying triggers

- A job closes and the final account comes in £50k to £80k short with no clear explanation.
- A retention that's been sitting unpaid for over a year gets written off because nobody was chasing it.
- A trusted engineer or supervisor hands in his notice and the owner realises how much of the operation lives in that one person's head.
- The owner does the maths on what he took home last year against the hours worked, and the number shocks him.
- A holiday or a family event gets cancelled because a site problem needs the MD personally.
- A VAT bill lands in a month where three retentions are still outstanding and the cash position looks suddenly tight.
- A main contractor starts pushing back on quality or programme, and the owner knows the team can't handle it without him in the room.

### Objections and honest answers

| Objection | Answer |
| --- | --- |
| 'You'll spend the first six months learning how our industry works.' | Zander spent fifteen years running operations in building services, the last several as Operations Director at Harlow & Pike. He knows what a retention looks like, how a variation gets priced, and what happens when a main contractor squeezes the programme. He gets into job reviews and pricing discussions from week one, not after a learning period. |
| 'I've had consultants before. They tell me things I already know.' | The problems Zander fixes are usually things the owner already suspects but can't pin down precisely: which jobs are bleeding margin, which decisions only the MD should actually be making, which retentions have gone cold. The value is in getting specific and building a weekly rhythm that makes the answer visible in numbers, not in delivering another framework. |
| 'I don't have time for this on top of everything else.' | That is exactly the condition the work addresses. If the MD has no time, the business is running him. The first thing to fix is getting two or three hours a day back by shifting decisions down to the right people. That time comes from the coaching, not on top of it. |
| '£1,950 a month is a lot to commit to.' | One recovered retention, one job that doesn't bleed margin, one variation that gets priced and claimed rather than absorbed - any of those typically covers the fee. The question is what unresolved margin bleed and unpaid retentions are already costing the business each month. |
| 'We're doing fine. Turnover's up.' | Turnover going up while the owner takes home the same or less is the most common sign that the business has a margin problem, not a growth problem. More work through a leaky system produces more stress, not more profit. That is the conversation worth having. |
| 'I could probably sort this myself if I had more time.' | Most MDs in this position have been saying that for two or three years. The problem is that the time to fix it gets consumed by the same issues it would fix. An outside set of eyes, with experience of exactly this type of business, gets to the answer faster and holds the owner to it. |

===== market:criteria (28s, 3741 chars)
The list is MDs and owners of HVAC, M&E and electrical contracting businesses in the UK with 11 to 50 staff, turning over £1m to £20m, who sign off every buying decision themselves.

| Filter | Include | Exclude |
| --- | --- | --- |
| Connections | 2nd and 3rd degree | 1st degree (already connected) |
| Location | United Kingdom - weight toward North of England, Midlands, Scotland | Outside UK |
| Headcount | 11-50 (primary); 1-10 and 51-200 as secondary sweep if list runs thin) | Businesses showing 0 or 201+ |
| Current job title | Owner, Co-owner, Founder, Co-founder, CEO, Managing Director, Co-Managing Director, Managing Partner, Operations Director, Contracts Director | Coach, Coaching, Consultant, Consulting, Consultants, Psychologist, Recruiter, Recruiting, Recruitment |
| Industry | Construction, Mechanical or Industrial Engineering, Facilities Services, Building Maintenance, Electrical and Electronic Manufacturing | Property development, house building, civil engineering, public sector facilities management |
| Keywords (company or profile) | HVAC, M&E, mechanical and electrical, building services, electrical contractor, planned maintenance, service contracts, FM, facilities management, BMS, refrigeration, ventilation, plumbing and heating | Franchise, SaaS, agency, recruitment, training provider |
| Company exclusions | National FM groups, listed contractors, local authority in-house teams, franchise networks | Any business the coach has flagged as a competitor or non-compete contact |

### Keyword strings to try

- "M&E contractor" OR "mechanical and electrical contractor"
- "HVAC contractor" OR "HVAC engineer" OR "HVAC director"
- "building services" AND ("MD" OR "managing director" OR "owner")
- "planned maintenance" AND ("owner" OR "director")
- "electrical contractor" AND ("MD" OR "managing director" OR "founder")
- "facilities management" AND "owner" AND NOT "national"
- "mechanical contractor" AND "director"
- "M&E" AND "owner" AND "North" (or "Midlands", "Scotland")
- "service contracts" AND "building services"
- "refrigeration" OR "ventilation" OR "air conditioning" AND "MD"

### Leave out

- Start-ups and pre-revenue businesses: no track record to fix, no problem Zander solves.
- Any business showing under £1m estimated revenue or fewer than 11 employees.
- Anyone whose title or company name includes: coach, coaching, consultant, consulting, consultants, psychologist, recruiter, recruiting, recruitment.
- National FM groups or listed contractors where the MD is not the buying decision-maker.
- House builders, civil engineers, and groundworks firms: different problems, different proof.
- Franchise or network businesses where the owner does not control the P&L.
- Anyone who has already had a discovery call and passed, or who explicitly opted out of outreach.
- Competitors of any active client (check before each send batch).

- **800-1,200** Target list size for initial Sales Navigator build across HVAC, M&E and electrical contracting in the UK
- **30%+** Connection acceptance rate to aim for - below this, revisit title filters or message copy
- **10%+** Reply rate of accepted connections - below this, test a different opening line or pain hook

> **Watch these two numbers in the first two weeks:** Check acceptance rate after the first 50 requests go out. If it sits below 30%, the title or industry filters are pulling the wrong people - tighten the industry keywords before sending the next batch. Once replies come in, track how many mention margin, retentions or being stuck in the middle. If those three words are not showing up in replies, the message is not landing with the right person and the opening line needs reworking. Fix filters before fixing copy.

===== linkedin:rewrite (49s, 7301 chars)
This rewrite replaces a blank profile with a sharp, credible presence that tells an M&E or HVAC contractor exactly what Zander does, why he can do it, and what to do next.

### Headline

**Headline**

```text
Business coach for M&E and HVAC contractors | Grew a building services division from £4.2m to £11.8m | Helping MDs fix margin bleed, clear retentions, and get out of the weeds
```

_Under 220 characters. Specific to the sector, grounded in the career proof, and names the three problems the avatar recognises immediately._

### About

**About section**

```text
If you're turning over more than last year and taking home the same or less, there's a reason for that. It's usually the same three things.

Margin disappearing by the time the final account closes. An MD who's still the first call when anything goes wrong on site. And retentions sitting unpaid for months because nobody's really chasing them.

I spent fifteen years in building services, finishing as Operations Director at Harlow & Pike where I grew the HVAC division from £4.2m to £11.8m over five years. We got there by shifting from one-off installs to planned maintenance contracts and tightening the way we priced and tracked jobs. Same problems as most contractors have. We just stopped guessing and got into the numbers properly.

I now work with MDs in M&E, HVAC and electrical contracting who are winning decent work but can't work out where the margin's going, and who can't step back because the business still runs through them.

This is the right fit if:

- You run an M&E, HVAC or electrical contracting business turning over £1m to £20m
- You're the MD or owner and you're still fielding site calls you shouldn't be
- You know some jobs are losing money but you can't put your finger on exactly where or when
- You've got retentions out there that nobody's chasing hard enough

Here's how it works.

I get into the numbers early - job reviews, pricing discussions, what the margin looks like week by week, not just at year end. That's not something I need time to learn; I've sat in those reviews myself. From there we build a weekly rhythm that gives you visibility before a problem job becomes a write-off, shift decisions down to the right people so you stop being the bottleneck, and get a proper grip on retention cash so it stops sitting idle.

I carry eight clients at a time. That's a deliberate choice. These businesses need proper attention, not a fortnightly call and a framework.

At Harlow & Pike, growing the division from £4.2m to £11.8m wasn't about winning more work. It was about making the work we won actually profitable, and building a team that didn't need me in the middle of every decision. That's what I help MDs do now.

If you want to know how your business would score on the things that cap profit and growth, there's a free three-minute BOSS Scorecard at the link below. It takes ninety seconds and shows you where the gaps are.

Or if you'd rather just have a straight conversation, message me. I do prospect calls on Mondays and Thursdays from 1pm.
```

_Written in Zander's voice: direct, dry, grounded in the sector. Opens with the owner's frustration, names the three problems, carries the career proof, explains the method in plain terms, and closes with two clear calls to action._

### Core skills

| Skill | What it means for the owner |
| --- | --- |
| Job costing and margin control | Spot which contracts are losing money at week four, not month twelve. Build a weekly numbers rhythm that flags problems early enough to do something about them. |
| Owner dependency and decision flow | Work out which decisions only the MD should be making, and shift the rest down to the contracts manager and supervisors. Gets two to three hours a day back without the wheels coming off. |
| Retention and cash flow management | Build a tracker that puts someone accountable behind every holdback, with a chase schedule. Stops retention cash sitting idle for months in a tight cash position. |
| Scaling a building services operation | Practical experience of growing a contracting division through a shift from one-off installs to planned maintenance contracts, holding margin through growth rather than buying turnover. |

### Key milestones

- Operations Director, Harlow & Pike Building Services: grew the HVAC division from £4.2m to £11.8m over five years by moving from one-off installs to planned maintenance contracts and tightening job pricing to hold margin through growth.
- Contracts Manager, Harlow & Pike: managed live contracts across the building services division, responsible for programme, subcontractor management, and final account negotiation.
- Project Engineer, Northern M&E: early career grounding in mechanical and electrical contracting, running projects on site and building the operational knowledge that underpins the coaching work now.

### Banner

**Banner line**

```text
Fifteen years in building services. Grew a division from £4.2m to £11.8m. Now helping M&E and HVAC contractors fix margin, get out of the weeds, and build something that runs without them.
```

_Use on the LinkedIn background image alongside a clean, sector-appropriate visual. Keep the text left-aligned and legible at mobile size._

### Featured

- The BOSS Scorecard: pin the link to the free three-minute scorecard. Use a cover image with the line 'Find out what's capping your profit in 3 minutes' and the URL. This is the primary lead magnet for M&E and HVAC MDs landing on the profile.
- A short post or article titled 'The three reasons M&E contractors win more work and take home less': ties directly to the margin bleed, owner dependency, and retention pain points. Written in Zander's voice, no frameworks, just the observation that more turnover through a leaky operation produces more stress not more profit.
- A Profit Coach page link: pin the profile page as the third item with a cover line of 'How I work and who it's for'. Gives prospects a clean place to read the detail, see the proof, and book a call without having to ask.

### Checklist

1. **Headshot.** Use a recent photo with a plain or neutral background. Smiling, forward-facing, and cropped to shoulders. This is a trust signal for MDs who have never heard of you - a dark or blurry photo loses them before they read the headline.
2. **Custom URL.** Set to linkedin.com/in/zander-demo as noted. A clean URL looks intentional and copies cleanly into emails and printed materials. Edit under Profile settings, then Edit public profile and URL.
3. **Company page.** Link the Profit Coach company page in the Experience section so the logo appears next to the role. If there is no company page yet, create one. It signals that the practice is real, not a side project.
4. **Contact info.** Open contact settings to second-degree connections at minimum. Add the Profit Coach page URL and the practice email once it is set up. An MD who wants to reach out should not have to send a connection request first.
5. **Job titles.** Enter all three roles - Operations Director, Contracts Manager, Project Engineer - using the LinkedIn job title dropdown so they index in search. Exact title match to common search terms (Operations Director, M&E, HVAC) improves how often the profile surfaces to the right people.

===== campaigns:messaging (57s, 8165 chars)
Every message leads with a single truth: Zander has lived inside a building services business, grown it, and fixed the same three problems Mike is dealing with right now.

- **Core client:** MD or Owner of an M&E, HVAC or electrical contracting firm, £2m to £12m turnover, North of England
- **Main desire:** Know in real time whether a job is making or losing money, and stop being the person every decision escalates to
- **Proof used:** Grew the HVAC division at Harlow & Pike from £4.2m to £11.8m in 5 years by shifting from one-off installs to planned maintenance contracts and tightening job pricing
- **Proof type:** Career proof (Operations Director, Harlow & Pike Building Services)

### Campaign A: Connector

**Connection request**

```text
Hi {first_name}, I see you run a UK M&E or HVAC contracting business. Are you looking to know what your jobs are actually making before it's too late to fix it? I ask because during my time as Operations Director at Harlow & Pike I used a simple system to grow the HVAC division from £4.2m to £11.8m in 5 years by tightening job pricing and shifting to planned maintenance. Is this of interest?
```

_Send with the connection request. 272 characters including spaces. Do not alter the wording or it will exceed the limit._

**Message 1**

```text
Hi {first_name}, thanks for connecting.

As Operations Director at Harlow & Pike I grew the HVAC division from £4.2m to £11.8m in five years using a system built around two things: knowing what every job was making in real time, and getting the MD out of the middle of every decision.

Most M&E and HVAC contractors I talk to are dealing with the same problem. They're winning decent work, the lads are flat out, and by the time the final account closes there's nowt left. They're turning over more than ever and taking home less, and they can't put their finger on exactly where it went. The PROFIT System fixed that at Harlow & Pike, and I use it with building services contractors now.

And I believe with the right system in place, your business can do the same.

Are you looking to get proper visibility on job margin before the damage is done? Would you be interested in learning more?
```

_Send 30 minutes after connecting._

**Message 2**

```text
Hi {first_name}, just checking this landed. I know inboxes get busy.

If margin visibility or getting out of the weeds is something you're working on at the moment, worth a quick conversation. If the timing's off, no bother.
```

_Send 1 day after Message 1._

**Message 3**

```text
Hi {first_name}, I'll be straight with you. I know you probably get messages from coaches and consultants fairly regularly, and most of them won't have spent a day on a live building services contract.

I have. Fifteen years of it. So when I talk about margin bleed, retentions sitting unpaid, and an MD who can't step off site for a day without the phone going, I'm not working off a slide deck.

It never hurts to have a conversation. Twenty minutes, no pitch.
```

_Send 2 days after Message 2._

**Message 4**

```text
Hi {first_name}, would you be open to a call this week or next?

Mondays and Thursdays from 1pm work well for me. We can look at where the margin's going in your business and whether there's a straightforward fix. If there isn't, I'll tell you that too.
```

_Send 4 days after Message 3._

**Message 5**

```text
Hi {first_name}, last message from me on this.

If you're winning work but the profit's not stacking up the way it should, that gap tends to get wider the longer it runs. Margin bleed and unpaid retentions don't sort themselves.

If you want to understand what's causing it and what a fix looks like, I'm happy to have that conversation. If the timing's not right, no problem at all.

Either way, good luck with the order book.
```

_Send 2 weeks after Message 4._

### Open InMail

**Open InMail**

```text
Hi {first_name},

I work with MDs running M&E and HVAC contracting businesses across the UK, typically £2m to £12m turnover. A few things I see in almost every one of them:

1️⃣ Jobs are winning on paper but the margin's gone by the time the final account closes
2️⃣ The MD is still the one every site call and every pricing decision escalates to
3️⃣ Retentions are sitting out there for months with nobody really chasing them

I spent fifteen years in building services, finishing as Operations Director at Harlow & Pike where I grew the HVAC division from £4.2m to £11.8m over five years. I did that by shifting from one-off installs to planned maintenance contracts and putting a proper job costing rhythm in place that caught problems at week four, not month twelve.

I've combined that approach with other methods to create The M&E Contractor PROFIT System.

The issue most contractors face is that turnover keeps going up and what the MD takes home doesn't follow it. More contracts, more lads on the tools, more stress, and the same or less in the bank. The business grows but it doesn't get better.

At some point most MDs hit the same crossroads: keep doing what they're doing and hope it evens out, or get proper visibility on what's actually happening inside the numbers.

The contractors I work with get out of the weeds, get real-time margin visibility, and start building something they could eventually step back from or sell.

Interested in a conversation?
```

_Use for prospects who are not yet connected and have open InMail. Works best for MDs of M&E or HVAC firms where LinkedIn shows they are the decision-maker._

### Campaign B: Conversation into the BOSS Scorecard

**After connecting**

```text
Hi {first_name}, good to connect. Quick question, are you focused on growing the business at the moment, or more on protecting what you've already built?
```

_Send immediately after connecting. Keep it short. The goal is to start a reply, not to pitch._

**Insight**

```text
Aye, that's the thing most MDs find. Every M&E or HVAC business has a weakest link, and it's usually one of three: margin disappearing on jobs before anyone spots it, the owner stuck answering every call and decision, or cash tied up in retentions nobody's properly chasing. Most owners have a hunch which one it is. The hunch is usually right about the symptom but wrong about the root cause. Fix the wrong one first and the numbers don't move.
```

_Send after they reply. Match their answer. If they say growth, lead with margin and team. If they say protecting what they have, lead with cash and retentions._

**Scorecard offer**

```text
There's a three-minute scorecard I use with building services contractors that scores the business out of 100 across the areas that typically cap profit and growth. It doesn't ask for revenue or financials, just how the business runs day to day. It shows which area is the actual constraint, not just the loudest symptom. Most MDs find it useful even if we never speak again.
```

_Send after the insight message lands. Only offer the scorecard once there is a real exchange, not cold._

**Leave the link**

```text
Here's the link if you want to run through it: {assessment_url}

Takes about three minutes. No follow-up unless you want one.
```

_Send the link on its own. No pressure, no close. If they complete it, follow up with the score and a short observation specific to their result._

### Check before launch

| Check | Pass |
| --- | --- |
| Under 275 characters | Yes - 272 characters confirmed |
| Starts with Hi {first_name}, | Yes |
| Specific callout: industry and location | Yes - 'I see you run a UK M&E or HVAC contracting business' |
| Hook as a question: main desire | Yes - 'Are you looking to know what your jobs are actually making before it's too late to fix it?' |
| 'I ask because' bridge | Yes |
| 'A simple system' in the proof line | Yes - 'I used a simple system to grow the HVAC division' |
| Specific proof with numbers and a timeframe | Yes - £4.2m to £11.8m, 5 years, Harlow & Pike |
| Mechanism tied to the hook | Yes - tightening job pricing and shifting to planned maintenance |
| Owner's language used | Yes - job pricing, planned maintenance, M&E, HVAC |
| Closes with 'Is this of interest?' | Yes |

===== conversations:followup (63s, 9072 chars)
Most replies come from curiosity, not commitment. Your job is to keep the conversation moving with one good question, not to close on the spot.

### When they reply

**They say: Yes, interested**

```text
Good to hear. Tell me a bit about where you are with it - are you mainly looking at the margin side of things, or is the owner-stuck-in-the-middle problem the bigger frustration right now?

Either way, worth a twenty-minute call to see if it's relevant. I've got time on Monday or Thursday afternoon this week if either works.
```

_Move straight to a call. Do not send a brochure or a long explanation. Two named days, one question._

**They say: What is it exactly?**

```text
Straight answer: I work with MDs in M&E and HVAC contracting who are winning decent work but can't work out where the margin's going, or who are still the person every site call and every decision lands on.

I get into the numbers and the operation with you - job costing, retentions, pricing rhythm, who's making which calls. It's not a course or a workshop. I sit with you on the real stuff and we fix the specific things that are costing you money or costing you time.

I only carry eight clients at once, so it's proper time, not a conveyor belt.

Does any of that sound like the right problem? Happy to talk through it on a call.
```

_Keep it concrete. Industry language. No coaching jargon._

**They say: How much is it?**

```text
Fair question. The full programme runs up to £50,000 a year for contractors who want everything - weekly numbers rhythm, team structure, pricing discipline, the lot.

Most MDs start at £1,950 a month. That covers regular sessions, getting into the job reviews and pricing with you, and the accountability rhythm that makes it stick.

To put it in perspective: one recovered retention, one job that doesn't bleed margin, one variation that gets priced and claimed rather than absorbed - any of those typically covers the fee in the first month or two.

Worth a quick call to see if the numbers make sense for your business? I'm on Monday or Thursday afternoon.
```

_Use the anchor script. Move to a call. Do not defend the fee in writing._

**They say: Not right now**

```text
No bother. Timing's everything with this.

Can I ask - is it more that the problems aren't pressing enough yet, or just that the diary's rammed and it's not the right moment?

Either answer's fine. Just helps me know whether to check back in or leave it with you.
```

_One question only. Neutral is not no. The answer tells you whether to nurture or park._

**They say: We're doing fine**

```text
Good to hear. Most MDs I talk to who say that are genuinely busy and winning work - the question's usually whether the profit's keeping pace with the turnover.

If you're taking home more each year than the year before and the margin's holding, you probably don't need me.

If turnover's up but what you take home isn't quite following it, that's worth a conversation. Not a pitch - just twenty minutes to see if there's something worth looking at.

Either way, good luck with the order book.
```

_Don't argue. Plant the seed. The last line closes it with respect._

**They say: Who are you?**

```text
Zander Demo. I spent fifteen years in building services, finishing as Operations Director at Harlow & Pike where I grew the HVAC division from £4.2m to £11.8m. I did that by shifting the model from one-off installs to planned maintenance and putting a proper job costing rhythm in place that caught margin problems early rather than at the final account.

I now work with MDs in M&E, HVAC and electrical contracting who are dealing with the same things I fixed there - margin bleed, the owner stuck answering every call, and retentions nobody's properly chasing.

I carry eight clients at a time. Based in Leeds, work across the UK.

Does that sound relevant to where you are?
```

_Short bio, specific proof, one question to re-engage._

**They send a neutral one-liner (e.g. 'Interesting' or 'Tell me more')**

```text
Cheers. Quick question before I say anything else - is it the margin side that's the issue, or more that you're still the person everything escalates to?

Ask because the fix is different depending on which one's costing you more.
```

_A neutral reply is engagement. Ask a specific question to find the real pain before you say anything further._

**They say: Send me some info**

```text
Happy to. Before I do, it's worth me knowing which is the bigger headache for you right now - margin on jobs, or being stuck in the middle of every decision?

That way I can point you to the bit that's actually relevant rather than sending you something general.

Alternatively, there's a three-minute scorecard I use with building services contractors - scores the business out of 100 across the areas that typically cap profit. Most MDs find it more useful than a brochure because it shows which area is the actual constraint, not just the loudest symptom.

Here's the link if you want to run through it: {assessment_url}
```

_Redirect to the scorecard rather than a PDF. A completed scorecard is a warmer next conversation than a brochure they skim once._

### Avoid

- Sending a long explanation when they say yes. They said yes - ask one question and book the call.
- Defending the fee in writing. Price objections belong on a call, not in a message thread.
- Asking two questions in one message. Pick one.
- Treating 'not right now' as a no. It almost never is.
- Sending a brochure, PDF or link before you know what they actually need.
- Using coaching language in replies - journey, framework, transformation, outcomes. Talk like a contractor.
- Going quiet after one soft reply. One more question is almost always worth it.

### VIP nurture: top 100

**INSIGHT message**

```text
Hi {first_name}, I noticed you're running {company_name} - looks like you're doing decent volume on the contracts side.

One thing I see in almost every M&E and HVAC business at your stage: turnover's gone up year on year, but what the MD actually takes home hasn't followed it. More jobs, more lads on the tools, more stress - and the number at the end of the year doesn't quite add up.

The root cause is usually one of three things: margin bleeding out on jobs before anyone spots it, the owner still in the middle of every decision, or retention cash sitting idle because nobody's chasing a schedule.

I fixed all three at Harlow & Pike, growing the HVAC division from £4.2m to £11.8m by shifting to planned maintenance contracts and tightening the job costing rhythm. I work with eight M&E and HVAC contractors at a time now, doing the same thing.

There's a three-minute scorecard I use with building services MDs that shows which of those three is the actual constraint in their business - not just the loudest one. Most find it useful even if we never speak again.

Worth running through it? {assessment_url}
```

_Use for MDs of M&E, HVAC or electrical contracting firms where LinkedIn shows they are the decision-maker, the business looks to be £2m to £12m turnover, and they have not yet responded to a connection request or InMail. Personalise company name and make one specific observation about their business if their profile gives you something to work with._

> **Who goes on the top 100 list:** MD or Owner of an M&E, HVAC or electrical contracting firm in the North of England, Midlands or Scotland. Business looks to be £2m to £12m based on team size or LinkedIn signals. They have posted about growth, hiring, winning work, or cash pressure in the last 90 days, or their profile shows they are still the de facto estimator and site escalation point. Firms with 15 to 40 staff are the sweet spot. Facilities management firms doing in-house maintenance are worth including. Exclude: consultancies, manufacturers, pure fit-out firms, anyone under 10 staff.

### Nurture rhythm

- **Week 2:** Share something useful. Send a short observation - one thing you saw in a job review this week, a common retention mistake, or a note on how margin bleed usually starts. Three sentences. No pitch. Reply-friendly - end with 'Does that ring true for you?'
- **Week 5:** Send the BOSS Scorecard. Message: 'Hi {first_name}, don't know if this is useful but there's a three-minute scorecard I use with M&E and HVAC contractors that shows which area is capping profit. Worth a look even if the timing's still not right. {assessment_url}' No pressure, no close.
- **Week 8:** Share a specific result. Reference the Harlow & Pike proof briefly - one thing that changed when the job costing rhythm went in. Keep it to four or five lines. End with 'Still worth a conversation whenever the time's right.'
- **Day 90:** Check-in. Message: 'Hi {first_name}, it's been a few months since we last spoke. I work with a handful of M&E and HVAC contractors and I only take on eight at a time, so I keep a short list of MDs I'd like to work with if a space opens. You're on it. Is the timing any better? Either way, no bother.' One question, no pressure, leaves the door open.

===== offer:direction (45s, 5982 chars)
Zander helps MDs in M&E, HVAC and electrical contracting firms get real visibility on job margin and get out of the weeds, without spending months explaining how the industry works, using a weekly numbers rhythm built on fifteen years of running live operations.

### The gap

| Today | What they want |
| --- | --- |
| Turnover rising, take-home flat. Jobs close and the final account is short, but nobody can say exactly where the margin went. | Real-time visibility on job margin so problems are caught at week four, not month twelve when the damage is done. |
| Retentions sitting unpaid for months with nobody accountable for chasing them. In a tight month, that gap is the difference between comfortable and scrambling. | A retention tracker with a named person chasing every holdback on a set schedule, and cash moving again. |
| MD is the escalation point for every site call, every materials sign-off, every client complaint. The contracts manager is good but still rings for decisions he should own. | A team that makes calls without the MD, with the owner stepping in only when it genuinely needs them. |
| No proper holiday in years. Four days off last summer and the phone never stopped. The business only works because the MD is always in it. | A week away without the phone ringing. A business that runs without the owner in the room, and eventually something worth selling or stepping back from. |

### Why they will buy

- Know-how: Mike has been burned before by advisers who gave him generic frameworks and had never set foot on a live site. Zander ran the operation himself, knows what a retention looks like, how a variation gets priced, and what happens when a main contractor squeezes the programme. There is no learning period.
- Speed: Most MDs in this position have been saying they'll sort it themselves for two or three years. The time to fix it keeps getting consumed by the same problems it would fix. Zander gets into job reviews and pricing discussions from week one and gets to the answer faster.
- Ease and less stress: The work targets the hours and pressure Mike wastes on decisions others should be making. The two or three hours a day reclaimed by shifting calls down to the right people come from the coaching, not on top of it.
- Fit: Zander only works with eight contractors at a time. Mike is not joining a programme full of retailers and consultants. Every conversation is grounded in contracts, subbies, retentions and site reality.

### Key messages

1. Winning more work than ever and taking less home is not a growth problem. It is a margin problem. More work through a leaky system produces more stress, not more profit. The fix starts with knowing, in real time, which jobs are making money and which are bleeding it.
2. Retentions do not chase themselves. Tens of thousands sitting idle in holdbacks is not bad luck, it is a missing process. One person, one tracker, one schedule changes it, and in most businesses that money is already earned.
3. The MD being the bottleneck for every decision is not a sign the team is weak. It is a sign the structure has not caught up with the size of the business. Shifting decisions to the right level is the single fastest way to get hours back.
4. A job that closed six weeks ago with a final account that does not stack up is not a mystery to be shelved. It is a pattern that will repeat on every similar scheme until someone gets into the numbers and finds where the margin went.
5. A business that only works because the MD is always in it is not a business yet. It is a job that the owner cannot leave. Building something that runs, and eventually something worth selling or stepping back from, starts with getting out of the operational middle.

### The offer

- **Name:** The Building Services Growth Programme
- **Promise:** Get proper visibility on where the margin is going, get the MD out of the operational middle, and get unpaid retentions moving again, with an operator alongside you who has already fixed exactly these problems in a building services business.
- **Who it is for:** MDs and owners of M&E, HVAC and electrical contracting firms turning over £2m to £12m, with 15 to 40 staff, who are winning work but can't explain why profit is not following.
- **What is included:** Weekly sessions for the first four to six weeks to get into the numbers fast and land early wins on margin and cash. Then two 90-minute sessions a month, ongoing. Zander gets into job reviews and pricing discussions from day one. Between sessions: direct access for anything that can't wait. BOSS Scorecard completed in the first week to show exactly which area of the business is the current ceiling.
- **Format:** Hybrid. Calls on Tuesdays and Wednesdays, 08:00 to 14:00. Site or office visits where they add value, particularly early on. Maximum eight clients at any one time.
- **Price options:** £1,950 per month, rolling. Six months upfront available at a reduced rate - ask on the first call. Fee rises with each new client intake. One recovered retention or one job that does not bleed margin typically covers the first three months.

### Why you

- Grew the HVAC division at Harlow & Pike from £4.2m to £11.8m in five years, by shifting from one-off installs to planned maintenance contracts and tightening job pricing to hold margin through growth.
- Fifteen years inside building services: Project Engineer, Contracts Manager, then Operations Director. Has lived through margin bleed, owner dependency and retention cash problems, not read about them.
- Gets into job reviews and pricing discussions from week one. Clients do not spend months explaining how the industry works.
- Carries a maximum of eight clients. Each one gets proper time, not a slot on a conveyor belt.
- Straight-talking and specific. The problems Zander fixes are things the owner usually suspects but cannot pin down precisely. The work makes them visible in numbers, then builds a rhythm to keep them visible.

===== offer:payment (39s, 4833 chars)
The fee is never the number. It is what the number buys compared to what margin bleed, idle retentions, and another year in the weeds are already costing the business.

| Option | Investment | Best for |
| --- | --- | --- |
| Monthly, rolling | £1,950 per month | MDs who want to start without a long commitment and prove the value in the first three months. |
| Six months upfront | £10,800 (saving £900 against monthly) | MDs who are ready to commit and want to move quickly. Full payment or 50% upfront then the balance at month three. |
| Six months upfront, split three ways | £3,600 now, £3,600 at month two, £3,600 at month four | Owners who prefer to spread the outlay but still want the upfront rate. |

### If they ask the price early

**Anchor script - price asked before the call**

```text
Aye, fair question. The MDs I work with invest anywhere up to £50,000 a year with a coach, but you can start with me for under £2,000 a month. Where it lands for you depends on what's actually going on in the business - how many jobs, what the margin picture looks like, how much of your time's getting eaten by decisions that shouldn't need you. That's worth fifteen minutes to work out properly. I've got Monday or Thursday afternoon free this week - which suits you better?
```

_Use this when a prospect asks the fee before you have had a proper conversation. It anchors high, names the entry point, and moves straight to booking the call. Do not quote a specific package until you are on the call._

### At the end of the call

**Either-or close - end of discovery call**

```text
Right, so based on what you've told me - the margin coming in short on that Sheffield job, retentions that haven't moved in months, and you still fielding calls you shouldn't be near - this is exactly the kind of business I work with. I've got room for one more client this intake. We can do this monthly at £1,950, or if you want to move fast and lock in six months, it comes down to £10,800 with a couple of ways to split the payments. Which of those fits better with how you like to do things?
```

_Give them both options and stop talking. Do not fill the silence. If they ask for time, agree a specific follow-up day and time before the call ends._

### Proposal outline

1. **Where you are now.** One short paragraph restating what Mike described on the call, in his words. Turnover up, margin short, retentions sitting idle, MD still in the middle of everything. This section proves you listened. If a number came up on the call - a job that came in £60k short, a retention sitting for fourteen months - name it here.
2. **What that is costing.** Make the cost of doing nothing specific and visible. Margin bleed across three or four jobs a year. Retention cash tied up and not working. Two to three hours a day on decisions that should sit elsewhere. Use numbers from the conversation wherever possible.
3. **What changes.** The Building Services Growth Programme in plain terms. Weekly sessions for the first four to six weeks to get into the job numbers fast and land early wins on margin and cash. Then two 90-minute sessions a month, ongoing. Direct access between sessions. BOSS Scorecard in week one to show exactly where the ceiling is. Get into job reviews and pricing discussions from day one.
4. **Why this works with me.** One short paragraph of proof. Grew the HVAC division at Harlow & Pike from £4.2m to £11.8m in five years by fixing the same problems: tightened job pricing, shifted to planned maintenance contracts, held margin through growth. Fifteen years inside building services. No learning period. Maximum eight clients.
5. **Your investment.** State both options clearly. Monthly at £1,950, or six months upfront at £10,800 with payment split options. Add one honest line: one recovered retention or one job that doesn't bleed margin typically covers the first three months.
6. **Next step.** One sentence. 'If this looks right, reply to this email and I will send the agreement over. We can start the first session next Tuesday or Wednesday.'

### Raising your price

Start at £1,950 a month and raise by £500 for every two new clients you bring in. At four clients, the monthly goes to £2,450 for anyone joining after that point. At six clients, £2,950. Existing clients stay on the rate they started at. You never go back and reprice someone mid-engagement. By the time you reach eight clients, your blended monthly rate will be well above your starting point and your capacity will be full. At that point you have a waiting list and you set the rate for the next intake at whatever the market supports. If a prospect pushes back on the fee, the answer is not a discount. It is a clear conversation about what unresolved margin bleed is already costing them each month, and whether they want to fix it or not.

===== sales:value (50s, 6782 chars)
The Job Margin Diagnostic: a free 30-minute session where Mike walks away knowing exactly which part of his business is eating his profit, and what to do about it first.

- **Name:** The Job Margin Diagnostic
- **Length:** 30 minutes, by phone or video
- **Who it is for:** MDs and owners of M&E, HVAC and electrical contracting firms turning over £2m to £12m who are winning work but can't explain why the money isn't following
- **What they get:** A straight look at where margin is leaking, where retentions are sitting idle, and where the MD is stuck in the middle of decisions others should own. Scored against the areas that cap most building services businesses at this size.
- **The promise:** You will leave with at least one thing you can act on before the week is out. No fluff, no pitch, no catch.

### The invitation

**Invitation**

```text
Hi {first_name},

I'm running a free 30-minute Job Margin Diagnostic for MDs in M&E and HVAC contracting. No charge, no pitch.

In half an hour we cover three things:

- Where margin is leaking on your jobs before you can catch it, so you stop finding out at the final account that a contract you worked flat out on left nowt behind
- Whether retentions are sitting unpaid because nobody owns the chasing, and how much cash that's costing you right now
- Where decisions are still landing with you that shouldn't be, and what it's costing you in hours and headspace every week

You walk away with a clear picture of which of these is the biggest ceiling on your business right now, and at least one thing you can act on straight away.

No fluff. No pitch. No catch.

I do five of these a month, so spots are limited. If it sounds relevant, here's the link to book: {booking_link}
```

_Use for LinkedIn DM, email outreach, or as the body of the launch email. The three bullets move away from a specific pain and towards a specific gain. Swap {first_name} and {booking_link} before sending._

### The questions

| Area | Question | Red looks like | Green looks like |
| --- | --- | --- | --- |
| Job margin visibility | When did you last know, mid-job, whether a contract was on track to hit its margin? | The MD finds out at the final account, weeks or months after the damage is done | Weekly numbers flagging variance by week four, with time to raise a variation or adjust resource |
| Job costing rhythm | How often does your team review actual cost against budget on live contracts? | No regular review, or it happens once at the end when there's nothing left to fix | Fortnightly job reviews with the contracts manager, numbers in front of everyone |
| Retention tracking | Can you tell me right now how much retention money is outstanding, and which jobs it's tied to? | Nobody knows the total, or the list exists somewhere but nobody's actively chasing it | One person owns a live tracker, every holdback has a chase date, and cash is moving |
| Variation control | When scope changes on a job, how quickly does a variation get priced and submitted? | Variations get absorbed into the job and never claimed, or raised so late the client pushes back | Variations are flagged by the site team and submitted within the week, as a matter of course |
| MD decision load | What kinds of decisions still come to you daily that, if you're honest, someone else should be making? | Materials sign-offs, site escalations, client calls, pricing queries - all landing with the MD | The contracts manager and supervisors own their decisions; the MD steps in only when it genuinely needs them |
| Pricing discipline | When the order book looked thin last winter, did your pricing hold or did you sharpen your pencil to keep the lads busy? | Priced tight to fill the diary, now carrying contracts that are costing more to run than they'll ever pay back | A pricing floor that holds regardless of order book pressure, with a pipeline that doesn't depend on buying work |
| Cash flow pattern | In the last six months, has there been a month where cash felt tight even though the order book was full? | VAT bills landing while retentions sit unpaid and applications are running late | Applications go out on time every month, cash position is visible a month ahead, retentions are actively managed |
| Team resilience | If your best contracts manager or site supervisor handed his notice in tomorrow, what would break? | Half the site knowledge lives in one person's head, and the MD would be back on the tools within a week | Processes written down, decisions distributed, and another person capable of stepping into the role |
| Owner dependency | When did you last take four or five days off without the phone going? | Can't remember, or took annual leave and spent it answering site calls | The business ran for a week without the MD and nobody panicked |
| Profit vs turnover | Turnover up last year - did what you took home go up by the same amount? | Turnover rising, take-home flat or down, and no clear explanation for the gap | Revenue growth converting to margin, and the owner can point to exactly why |

### The transition

**Transition**

```text
Right, so based on everything you've told me, here's what I'm seeing.

You've got [specific pain from their answers - e.g. jobs closing short with no clear explanation]. You've got [second pain - e.g. retentions nobody's actively chasing]. And you're still the person everything escalates to, which means the hours you'd need to fix it keep getting eaten by the same problems.

That's not unusual for a business at your stage. It's the pattern I see in almost every M&E firm doing between two and eight million. And it's fixable - I know that because I've fixed the same things, in a live building services operation, not off a slide deck.

Can I show you how I work with contractors in exactly your situation to get on top of this faster than trying to sort it in the gaps?
```

_Deliver this after the aha moment in the session. Fill the bracketed lines with the owner's own words from the conversation. Wait for the yes before moving into the offer. Slow down. Do not rush this._

### If they say not now

If Mike says he needs to think about it, or the timing isn't right, there is no point pushing. Say something like: 'No problem at all. The main thing is you've got a clearer picture of where the ceiling is right now.' Then offer to send a short summary of what came up in the session - the two or three things that looked red, and what to look at first. Keep it to one page. Tell him you'll check back in a fortnight to see how he's getting on. No hard sell, no chase sequence that makes him feel hounded. The summary keeps the conversation open and puts something useful in his inbox with your name on it. Most of the time, the follow-up call is the one that converts.

===== sales:script (70s, 9536 chars)
This call turns a curious MD into a committed client by connecting Zander's three fixes directly to the pains Mike described in his own words.

### Opening

**Opening - say this word for word**

```text
Mike, good to speak to you. Thanks for making the time.

Before I say anything about how I work, I want to understand where you're at. So tell me - what made you say yes to this call? What's going on in the business right now that made it worth an hour of your Tuesday?
```

_Let him talk. Do not interrupt. The first two minutes are his. Your job is to listen and note the exact words he uses - you will reflect them back later._

### Questions that find the gap

1. When a job closes and the final account lands short, how far back can you trace where the margin went? Week by week, or are you mostly working it out at the end?
2. Which contracts worry you most right now - the ones running, or the ones that closed in the last six months that you haven't fully reconciled?
3. How much retention money do you think is sitting out there unpaid right now, across all live and recently closed schemes?
4. Who owns chasing retentions in your business at the moment - is there one person on it, or does it fall between chairs?
5. On a normal Tuesday, what decisions are coming to you that you reckon shouldn't need to reach you at all?
6. If your contracts manager had to run the operation for a fortnight without calling you, what would fall over first?
7. When did you last take a full week off with the phone off - and what happened while you were away?
8. If the business turned over the same next year but you personally took home twenty percent more, what would have had to change for that to happen?
9. You mentioned [their specific pain from the opening] - how long has that been the case, and what have you tried to fix it?
10. What does the business look like in three years if you solve this - and what does it look like if it stays the same?

> **Before you move on:** Once you have heard enough to name three specific pains in his words, stop asking. Repeat back what he told you. 'So if I've got this right - margin's disappearing on jobs and you can't put your finger on exactly where, your contracts manager is good but still rings you for calls he should own, and you've got retentions sitting there that nobody's properly chasing. Is that a fair picture?' Wait for the yes. That yes is the bridge.

### Transition

**Transition - say this before the game plan**

```text
Right. Based on what you've told me, I want to show you exactly how I'd approach this - not the general version, the version for your business, the way things actually work in M&E.

I'll walk you through three things. Stop me at any point if something doesn't fit or you want to go deeper on it.
```

_Slow down here. Pause after the transition. The shift in pace signals that what comes next is serious._

### The game plan

1. **Step 1 - Get proper visibility on where the margin is going.** Say this: 'The first thing we do is get into the numbers on your live and recently closed jobs - not the year-end accounts, the job-level detail. We build a simple weekly rhythm: which contracts are tracking to margin, which are running over, and exactly where the bleed is coming from. Variations not claimed, subbies running over, materials creeping. I've done this inside a building services business, so I know what to look for and I can get into a job review with you from week one. Most of the time, within the first four to six weeks, we find where the money's going. That changes everything, because once you can see it in real time you can fix it before the dust settles.' Check-in: 'Does that match the kind of visibility you feel you're missing right now?'
2. **Step 2 - Get retentions moving and tighten cash flow.** Say this: 'Alongside the margin work, we build a retention tracker - every holdback, every scheme, the value, the due date, and one named person who is accountable for chasing it on a set schedule. In most of the businesses I talk to, this is tens of thousands sitting idle. It's money already earned, just nobody's chasing it with any discipline. We fix the process, we fix the accountability, and we start moving that cash. In a tight month, that's the difference between comfortable and scrambling.' Check-in: 'Have you got a rough sense of how much is sitting out there unpaid at the moment?'
3. **Step 3 - Get the MD out of the operational middle.** Say this: 'The third piece is the one that gives you your time back. Right now you're the escalation point for everything - site calls, materials sign-offs, client complaints. That's not because your contracts manager is weak, it's because the structure hasn't caught up with the size of the business. We map out exactly which decisions should stay with you and which should sit with the CM, the supervisors, the office. Then we build the habit. It takes a few weeks to bed in, but within a couple of months the phone stops ringing at 6.50 in the morning for the stuff that shouldn't be reaching you. Two to three hours a day comes back. That's where the time to actually run the business comes from.' Check-in: 'If your CM was making those calls confidently without ringing you, what would you do with that time?'

### Results and proof

Say this: 'I'm not telling you this off a slide deck. At Harlow & Pike I ran the HVAC division - took it from £4.2m to £11.8m in five years. The way we got there was by shifting the model from one-off installs to planned maintenance contracts and tightening job pricing so the margin held through growth. The same three problems you're describing - margin bleed, the MD stuck in everything, cash tied up in retentions - those were live issues in that business. I know what fixing them actually looks like, not just what it's supposed to look like in theory. That's why I get into job reviews and pricing discussions from week one with every client. I carry eight contractors at a time, no more, because each one needs proper time. You're not joining a programme full of retailers and consultants who need six months of context before I can be useful.'

### Price and close

**Price and close - say this**

```text
So here's how it works.

The first four to six weeks we meet weekly - sometimes on a call, sometimes I come to you, whichever gets us into the numbers fastest. After that it's two ninety-minute sessions a month, and direct access between sessions for anything that can't wait. I'm in job reviews, I'm in pricing discussions from the off. You don't spend three months explaining how the industry works.

The fee is £1,950 a month, rolling - no long tie-in. If you want to go six months upfront there's a reduced rate, and we can talk through that now if it's useful.

To put it plainly: one recovered retention, one job that doesn't bleed margin, one variation that gets priced and claimed rather than absorbed - any one of those typically covers the fee for the first three months. The question isn't whether £1,950 a month is a lot. The question is what unresolved margin bleed and unpaid retentions are already costing you every month.

I've got one space available right now. I'd like it to be you. What questions have you got before we talk about next steps?
```

_Stop talking after the last question. Do not fill the silence. The next person to speak loses the moment._

### Objections

| They say | You say |
| --- | --- |
| £1,950 a month is a lot to commit to. | Aye, it's a real number. So let's put it against what's already leaving. If one job a year closes £40k short and nobody can tell you why, that's happening whether you fix it or not. One recovered retention, one job that doesn't bleed - either of those covers the fee for the first three months. The question is what the status quo is costing you, not what the fix costs. |
| I need to think about it / I want to sit with it for a bit. | That's fair, and I'm not going to push you. But tell me what's actually behind that - is it the money, the timing, or something about what I've described that doesn't quite fit? Because if there's a specific concern I'd rather we just talk through it now than have you go away with something unresolved. |
| I need to run it past my wife / business partner first. | Of course - this is a proper commitment and it should be a joint decision. What would help them understand it? I can put something short in writing - the fee, what we'd tackle, what a realistic first-year return looks like - so the conversation at home is based on the actual picture rather than a phone summary. |
| The timing's not great - we've got a big contract starting next month. | A big contract starting is exactly when this matters most. If the margin tracking and the job costing rhythm aren't in place before it gets going, you won't know it's in trouble until it's too late to fix it. I'd rather get into the numbers with you now, while there's still something to protect, than six months in when the damage is done. |
| I've had coaches and consultants before and they just told me things I already knew. | I hear that a lot, and I get it - generic advice dressed up in a framework isn't worth the fee. What I do is different in one specific way: I get into your actual job numbers, your actual retentions, your actual pricing. Not a model of your business, the real thing. If in the first two sessions you think it's just things you already know, tell me, and we'll stop. I'm not interested in taking money for that either. |

===== content:posts (47s, 6226 chars)
Zander's content angle is simple: he has lived every problem he writes about, inside a live building services operation, and that is what makes every post land differently from generic business advice.

### Content pillars

| Pillar | What it covers | Example hook |
| --- | --- | --- |
| Margin visibility | Job costing, final accounts, why profit disappears on jobs that looked fine at tender stage | We won the contract, the lads were flat out for six months, and by the time the final account closed there was nowt left. Here's where it usually goes. |
| Owner in the middle | MD as bottleneck, decisions that shouldn't reach the top, what it costs in hours and headspace | If your contracts manager still rings you before he approves a materials order, that's not a loyalty problem. It's a structure problem. |
| Retention cash | Unpaid holdbacks, nobody chasing, what a proper tracker actually looks like | Most M&E firms have tens of thousands sitting in unpaid retentions right now. Nobody's chasing them. That money is already earned. |
| Career proof and industry reality | Lessons from growing the Harlow & Pike HVAC division, what worked, what nearly didn't | We grew the HVAC division from £4.2m to £11.8m in five years. The thing that nearly wrecked it wasn't the market. It was pricing. |

### Twelve post ideas

1. The job looked profitable at tender. It wasn't by the time the dust settled. Here's the three places margin bleeds before anyone notices.
2. We grew the HVAC division from £4.2m to £11.8m. The move that made it possible wasn't winning bigger contracts.
3. Your contracts manager is good. So why does he still ring you before he makes a call? One question to ask yourself.
4. An M&E MD told me he had £60k in unpaid retentions from jobs that closed over a year ago. Nobody was chasing them. This is what we did first.
5. Turnover up, take-home flat. If that sentence sounds familiar, it is almost never a growth problem.
6. What does a week look like when the MD stops being the default escalation point? Here's what changes first.
7. Most job costing software in M&E firms is set up correctly and used inconsistently. The gap is not the system.
8. Pricing keen to keep the lads busy through a quiet patch is understandable. Here's what it costs by Easter.
9. A trusted engineer hands his notice in. Suddenly you realise how much of the operation lives in one person's head. What to do in the first week.
10. The five numbers every M&E MD should be looking at weekly, and the one most aren't tracking at all.
11. I took a role as Contracts Manager thinking the hard part was winning work. It wasn't. Here's what I learned.
12. Four days off last summer and the phone never stopped. If that's your holiday, your business has a dependency problem, not a staffing problem.

### Ready to post

**Proof story**

```text
When I took over the HVAC division at Harlow & Pike, we were turning over £4.2m. Five years later it was £11.8m.

But the number that mattered most wasn't the revenue. It was the margin we held through that growth.

Because the first thing I found when I got properly into the numbers was that we were pricing to win and hoping the jobs would stack up. Sometimes they did. Often they didn't. And by the time we knew a job had lost money, it was history. Nothing to do but absorb it and move on.

The fix wasn't complicated. We moved to planned maintenance contracts, which gave us predictable revenue and a proper base to price from. And we built a weekly rhythm around job costing so problems showed up at week four, not month twelve when the damage was done.

That rhythm is the thing I see missing in almost every M&E and HVAC firm I talk to now. Not the ambition, not the talent, not the order book. Just a consistent way of knowing, in real time, which jobs are making money and which aren't.

If you run a building services business and you're not sure what last month's jobs actually made, that's the place to start.

I do a free 30-minute session with MDs in M&E, HVAC and electrical contracting where we look at exactly that. No pitch, just numbers. Drop me a message if that's useful.
```

_Post mid-week, Tuesday or Wednesday morning. Works well as a standalone post or to follow a connection request to an M&E or HVAC MD. Keep comments replied to within a few hours._

**The 3am thought**

```text
There's a thought that sits with a lot of M&E MDs at around 3am.

'That job in Sheffield. I still don't know what we actually made on it.'

The job's closed. The lads have moved on. The main contractor's been quiet. But the final account didn't stack up and there's never quite been the right moment to dig into why.

So it stays on the list. Meaning to look at it properly. Never quite getting there.

Here's the thing. That job is not a one-off. It's a pattern. And until someone gets into the numbers and finds where the margin went, the same thing happens on the next similar scheme. And the one after that.

I've seen it in businesses doing £3m and businesses doing £12m. The size doesn't change the problem, it just changes how much it costs.

The first thing I do with a new client is sit down with the last three jobs that didn't feel right and work out exactly where the margin went. Not to beat anyone up about it. To find the pattern so it stops repeating.

Most of the time, it's the same two or three places.

If you've got a job sitting on your list like that, I run a free 30-minute session for MDs in building services where that's exactly what we look at. Message me and we'll sort a time.
```

_Post on a Monday or early Thursday. This format works well for organic reach because it names a specific feeling without being generic. Respond personally to any MD who comments or messages._

> **Posting rhythm:** Four posts a month is the minimum to stay visible without burning out. One proof story, one 3am thought, one practical insight from the numbers, and one question for MDs to answer. Schedule Tuesday and Thursday mornings when your avatar is most likely to be at a desk. Write in batches on a Monday morning when the week is fresh, then set and forget. Consistency over six months builds more trust than a burst of ten posts followed by silence.

===== content:newsletter (42s, 5527 chars)
A short, practical read for MDs in M&E, HVAC and electrical contracting who are winning work but can't work out where the margin's going. One idea, one story, one thing to do. Every issue.

- **Name:** The Building Services Margin Letter
- **Who it is for:** MDs and owners of M&E, HVAC and electrical contracting firms turning over £2m to £12m, typically 15 to 40 staff, winning decent work but watching profit fall short
- **How often:** Monthly
- **Format:** LinkedIn newsletter and email. Under 500 words. One idea, one story or example, one practical action, one offer.
- **Call to action:** A free 45-minute value session with Zander to look at where the margin is going and what to fix first

### The first issue

**Issue 1**

```text
Subject: That job you still can't explain

You closed a contract six or eight weeks ago. The lads did a good job. The main contractor signed it off. And now the final account has come in short, and nobody can put their finger on exactly where it went.

I've heard this more times than I can count. I've lived it too, early on at Harlow & Pike before we built a rhythm that caught the problems while there was still time to do something about them.

Here is the uncomfortable truth: by the time the final account tells you a job lost money, it's already history. The variation you could have raised at week five. The materials overrun that crept past the budget in week eight. The day-rate labour that ran three weeks longer than the programme allowed. All of it was visible while it was happening. Nobody was looking at the right numbers often enough to see it.

This is not about better software. It is about a weekly rhythm.

At Harlow & Pike, the single biggest shift we made was moving from monthly job reviews to a weekly numbers check on every live contract. Not a long meeting. Thirty minutes, the right four or five figures, the same format every week. Cost to date against budget. Variations raised against variations agreed. Labour hours against the programme. Retention position.

Within a month, the contracts manager stopped ringing me to say a job was in trouble. He started ringing to say he'd spotted something at week four and wanted to raise a variation before it got worse. That is a different conversation entirely.

The job you still can't explain probably had a moment, somewhere around week five or six, where someone on the ground knew something was drifting. They didn't flag it because there was no rhythm that made flagging it normal. And by the time the final account closed, the drift had become a write-off.

The practical action this month is simple. Pick one live contract, ideally one where your gut says the margin might be soft. Sit down with your contracts manager for thirty minutes and look at four things: cost to date, budget to complete, variations raised versus agreed, and labour hours against programme. Don't worry about making it formal. Just look at the numbers together and ask the question: if this job closed today, what would we actually make?

That conversation, on a regular basis, is where margin starts getting protected.

If you want to talk through where the margin is going in your business and what to fix first, I offer a free 45-minute session with no agenda other than getting specific. No frameworks, no slide decks. Just a straight conversation about your numbers.

Book it at [Profit Coach page URL] or reply to this email and we'll find a time.

Zander Demo
Building Services Margin Letter
```

_Send on the first Monday of the month. Distribute via LinkedIn newsletter and email. Keep the tone exactly as written: plain, specific, grounded in site reality._

### The next six issues

| Issue | Subject line | The one idea |
| --- | --- | --- |
| 2 | The retention nobody was chasing | Most M&E businesses have tens of thousands in holdbacks that are already earned but sitting idle because there is no single person accountable for chasing every retention on a fixed schedule. One tracker, one name on it, changes the cash position faster than any new contract. |
| 3 | Why your contracts manager still rings you | The MD being the bottleneck is rarely about the team being weak. It is about decisions not being assigned to the right level. A simple decision matrix, agreed once, stops the calls without the owner having to abdicate control. |
| 4 | Pricing tight to keep the lads busy | Winning work at thin margin to fill a quiet patch feels responsible in January and looks like a mistake by April. The idea is a minimum margin threshold, agreed in advance, that the estimator holds to even when the order book looks soft. |
| 5 | The engineer who knows everything | When a trusted site supervisor or engineer hands in his notice, MDs realise how much of the operation lives in one person's head. The fix is not a long HR process - it is getting that knowledge out of his head and into a simple job file before he goes. |
| 6 | What the five profit levers look like on a live contract | Lead generation, conversion, average job value, repeat work and margin. A 10% improvement on each compounds to roughly 61% more revenue. This issue maps each lever to the decisions an M&E MD actually makes, from tender stage to final account. |
| 7 | When turnover is up and take-home isn't | More work through a leaky system produces more stress, not more profit. This issue explains the difference between a growth problem and a margin problem, and how to tell which one you actually have before committing to more resource. |

===== ninety:quarter (46s, 5862 chars)
One objective for the next 90 days: sign your first four paying clients from M&E, HVAC and electrical contracting, build the outreach rhythm that fills the remaining four slots, and prove the practice runs without you chasing every conversation manually.

- **£1,950/mo** Minimum fee per client
- **£15,600/mo** Income at full capacity (8 clients)
- **4 clients** Target by end of week 12
- **3 prospect calls/week** Calls needed to hit that target

> **How these numbers were set:** Full capacity is 8 clients at £1,950 a month, which is £15,600 a month. The 90-day target is 4 clients, giving £7,800 a month by week 12 and a pipeline in place for the remaining slots. At a realistic 1-in-3 call-to-client rate, you need roughly 3 prospect calls a week from week 4 onwards, which means 10 to 15 meaningful conversations a week from the outreach campaigns before that.

### Week by week

- **Weeks 1 to 2:** Foundations locked. LinkedIn rewritten and live. Profit Coach page confirmed with your one-liner and proof. Practice email set up. BOSS Scorecard link live and tested. Calendar open for prospect calls on Monday and Thursday from 1pm. Value session named and a one-paragraph description written. Prospect list of 300 MDs in M&E, HVAC and electrical contracting built from LinkedIn search: company size 15 to 50 staff, turnover signals of £2m to £12m, North of England and Midlands as first geography. Connection requests begin at the end of week 2, no message yet, just the request.
- **Weeks 2 to 4:** First campaign live. Connection requests running at 20 to 25 a day. Accepted connections get a short follow-up within 48 hours: one sentence on what you do, one question about the business, no pitch. Replies handled same day. Target: 60 to 80 accepted connections and 8 to 12 replies in this fortnight. First prospect calls booked for week 4. BOSS Scorecard offered to anyone who engages. First LinkedIn post published: a specific observation from building services, not a coaching tip.
- **Weeks 4 to 8:** Calls booked every week, first client signed. Three prospect calls a week minimum on Monday and Thursday afternoons. Each call follows the value session structure: BOSS Scorecard completed beforehand, first 20 minutes on their numbers and what the scores show, final 10 minutes on whether it makes sense to go further. First client signed by end of week 6. Content running at one LinkedIn post a week, each one grounded in a real building services situation: margin, retentions, a contracts manager who won't make a call. No coaching theory.
- **Weeks 8 to 12:** Second campaign angle tested, referrals asked for. Second outreach angle tested: try a different hook (retention cash rather than margin bleed, or owner dependency rather than job costing) to see which pulls stronger replies. Price reviewed after clients 2 and 3 are signed. First referral ask goes to the first signed client at the 30-day mark, when they have had an early win. First newsletter issue sent to everyone who engaged but did not book. Pipeline reviewed: 12 weeks of connection data tells you which messages, hooks and geographies are converting. Adjust before week 13.

### Weekly numbers

| Activity | Per week |
| --- | --- |
| Connection requests sent | 20 to 25 |
| Connections accepted (target rate: 30 to 40%) | 7 to 10 |
| Follow-up messages sent to accepted connections | 7 to 10 |
| Replies received | 2 to 4 |
| BOSS Scorecard links sent | 2 to 4 |
| Prospect calls booked (from week 4) | 2 to 3 |
| Prospect calls held | 2 to 3 |
| LinkedIn posts published | 1 |
| Clients signed (rolling target) | 1 per 3 to 4 weeks |

### This week

1. **Build the prospect list.** Search LinkedIn for MDs and owners in M&E contracting, HVAC, and electrical contracting. Filter by company size 11 to 50 staff. Prioritise North of England and Midlands. Add 300 names to a simple spreadsheet: name, company, connection status, message sent, reply received, call booked. This list is the engine. Without it, nothing else runs.
2. **Lock the LinkedIn profile and the BOSS Scorecard link.** Your headline, about section and proof need to be live before a single connection request goes out. When an MD gets a request from you, the first thing they do is check your profile. If it reads like a generic coach, they ignore you. Your profile should say, clearly and specifically, that you grew an HVAC division from £4.2m to £11.8m, that you work with M&E and electrical contractors, and that you get into job reviews and pricing discussions from week one. The BOSS Scorecard link goes in the featured section. Test it today.
3. **Send the first 20 connection requests.** No message yet, just the request. Start at the top of your list. Aim for MDs and owners only, not contracts managers or finance directors. Twenty requests takes about 25 minutes. Set a daily reminder for the same time each morning so it becomes a habit rather than something you get around to. Track accepted connections in the spreadsheet from day one.

> **The most likely constraint: getting pulled into delivery before the pipeline is built:** You have 15 hours a week outside of calls. The moment the first client signs, there is a strong pull to spend those hours on delivery: prepping job reviews, digging into their numbers, being useful. That is the right instinct for client work, and it is the thing most likely to stall the practice at one or two clients. The outreach rhythm has to keep running at the same pace regardless of how many clients you are carrying. The warning sign is a week where you sent fewer than 20 connection requests because you were busy with a client. Protect Monday and Thursday afternoons for prospect calls. Protect 30 minutes every morning for outreach. If those two blocks slip, the pipeline dries up in six weeks and you notice it in week ten when the diary is empty.
