▲ Next.js 16.1.6 (Turbopack)
- Environments: .env.local
- Experiments (use with caution):
  · proxyClientMaxBodySize: "50mb"
  ✓ viewTransition

  Creating an optimized production build ...

> Build error occurred
Error: Turbopack build failed with 18 errors:
[next]/internal/font/google/jetbrains_mono_a08f4eab.module.css:8:9
Module not found: Can't resolve '@vercel/turbopack-next/internal/font/google/font'
[0m [90m  6 |[39m   font[33m-[39mdisplay[33m:[39m swap[33m;[39m
 [90m  7 |[39m   src[33m:[39m url([33m@[39mvercel[33m/[39mturbopack[33m-[39mnext[33m/[39minternal[33m/[39mfont[33m/[39mgoogle[35m/font?{%22url%22:%22https:/[39m[33m/[39mfonts[33m.[39mgstatic[33m.[39mcom[33m/[39ml[33m/[39mfont[33m%[39m[35m3[39m[33mFkit[39m[33m=[39mtDbv2o[33m-[39mflEEny0FZhsfKu5WU4zr3E_BX0PnT8RD8yKwBNntkaToggR7BYUjKPx3cwgknk[33m-[39m[35m4[39m[33m&[39mskey[33m=[39m[35m48[39mad01c60053c2ae[33m&[39mv[33m=[39mv24[33m%[39m[35m22[39m[33m,[39m[33m%[39m[35m22[39mpreload[33m%[39m[35m22[39m[33m:[39m[36mfalse[39m[33m,[39m[33m%[39m[35m22[39mhas_size_adjust[33m%[39m[35m22[39m[33m:[39m[36mtrue[39m}) format([32m'woff2'[39m)[33m;[39m
[31m[1m>[22m[39m[90m  8 |[39m   unicode[33m-[39mrange[33m:[39m [33mU[39m[33m+[39m[35m0460[39m[33m-[39m[35m052[39m[33mF[39m[33m,[39m [33mU[39m[33m+[39m[35m1[39m[33mC80[39m[33m-[39m[35m1[39m[33mC8A[39m[33m,[39m [33mU[39m[33m+[39m[35m20[39m[33mB4[39m[33m,[39m [33mU[39m[33m+[39m[35m2[39m[33mDE0[39m[33m-[39m[35m2[39m[33mDFF[39m[33m,[39m [33mU[39m[33m+[39m[33mA640[39m[33m-[39m[33mA69F[39m[33m,[39m [33mU[39m[33m+[39m[33mFE2E[39m[33m-[39m[33mFE2F[39m[33m;[39m
 [90m    |[39m         [31m[1m^[22m[39m
 [90m  9 |[39m }
 [90m 10 |[39m [90m/* cyrillic */[39m
 [90m 11 |[39m [33m@[39mfont[33m-[39mface {[0m

next/font/google queries have exactly one entry

Debug info:
- Execution of *AssetContext::process_resolve_result failed
- Execution of resolve failed
- Execution of resolve_internal failed
- Execution of <NextFontGoogleFontFileReplacer as ImportMappingReplacement>::result failed
- next/font/google queries have exactly one entry
Error while looking up import map: next/font/google queries have exactly one entry

Debug info:
- Execution of <NextFontGoogleFontFileReplacer as ImportMappingReplacement>::result failed
- next/font/google queries have exactly one entry


Import trace:
  Server Component:
    [next]/internal/font/google/jetbrains_mono_a08f4eab.module.css
    [next]/internal/font/google/jetbrains_mono_a08f4eab.js
    ./src/app/coach/membership/layout.tsx

https://nextjs.org/docs/messages/module-not-found


[next]/internal/font/google/jetbrains_mono_a08f4eab.module.css:17:9
Module not found: Can't resolve '@vercel/turbopack-next/internal/font/google/font'
[0m [90m 15 |[39m   font[33m-[39mdisplay[33m:[39m swap[33m;[39m
 [90m 16 |[39m   src[33m:[39m url([33m@[39mvercel[33m/[39mturbopack[33m-[39mnext[33m/[39minternal[33m/[39mfont[33m/[39mgoogle[35m/font?{%22url%22:%22https:/[39m[33m/[39mfonts[33m.[39mgstatic[33m.[39mcom[33m/[39ml[33m/[39mfont[33m%[39m[35m3[39m[33mFkit[39m[33m=[39mtDbv2o[33m-[39mflEEny0FZhsfKu5WU4zr3E_BX0PnT8RD8yKwBNntkaToggR7BYUjKPxTcwgknk[33m-[39m[35m4[39m[33m&[39mskey[33m=[39m[35m48[39mad01c60053c2ae[33m&[39mv[33m=[39mv24[33m%[39m[35m22[39m[33m,[39m[33m%[39m[35m22[39mpreload[33m%[39m[35m22[39m[33m:[39m[36mfalse[39m[33m,[39m[33m%[39m[35m22[39mhas_size_adjust[33m%[39m[35m22[39m[33m:[39m[36mtrue[39m}) format([32m'woff2'[39m)[33m;[39m
[31m[1m>[22m[39m[90m 17 |[39m   unicode[33m-[39mrange[33m:[39m [33mU[39m[33m+[39m[35m0301[39m[33m,[39m [33mU[39m[33m+[39m[35m0400[39m[33m-[39m[35m045[39m[33mF[39m[33m,[39m [33mU[39m[33m+[39m[35m0490[39m[33m-[39m[35m0491[39m[33m,[39m [33mU[39m[33m+[39m[35m04[39m[33mB0[39m[33m-[39m[35m04[39m[33mB1[39m[33m,[39m [33mU[39m[33m+[39m[35m2116[39m[33m;[39m
 [90m    |[39m         [31m[1m^[22m[39m
 [90m 18 |[39m }
 [90m 19 |[39m [90m/* greek */[39m
 [90m 20 |[39m [33m@[39mfont[33m-[39mface {[0m

next/font/google queries have exactly one entry

Debug info:
- Execution of *AssetContext::process_resolve_result failed
- Execution of resolve failed
- Execution of resolve_internal failed
- Execution of <NextFontGoogleFontFileReplacer as ImportMappingReplacement>::result failed
- next/font/google queries have exactly one entry
Error while looking up import map: next/font/google queries have exactly one entry

Debug info:
- Execution of <NextFontGoogleFontFileReplacer as ImportMappingReplacement>::result failed
- next/font/google queries have exactly one entry


Import trace:
  Server Component:
    [next]/internal/font/google/jetbrains_mono_a08f4eab.module.css
    [next]/internal/font/google/jetbrains_mono_a08f4eab.js
    ./src/app/coach/membership/layout.tsx

https://nextjs.org/docs/messages/module-not-found


[next]/internal/font/google/jetbrains_mono_a08f4eab.module.css:26:9
Module not found: Can't resolve '@vercel/turbopack-next/internal/font/google/font'
[0m [90m 24 |[39m   font[33m-[39mdisplay[33m:[39m swap[33m;[39m
 [90m 25 |[39m   src[33m:[39m url([33m@[39mvercel[33m/[39mturbopack[33m-[39mnext[33m/[39minternal[33m/[39mfont[33m/[39mgoogle[35m/font?{%22url%22:%22https:/[39m[33m/[39mfonts[33m.[39mgstatic[33m.[39mcom[33m/[39ml[33m/[39mfont[33m%[39m[35m3[39m[33mFkit[39m[33m=[39mtDbv2o[33m-[39mflEEny0FZhsfKu5WU4zr3E_BX0PnT8RD8yKwBNntkaToggR7BYUjKPxPcwgknk[33m-[39m[35m4[39m[33m&[39mskey[33m=[39m[35m48[39mad01c60053c2ae[33m&[39mv[33m=[39mv24[33m%[39m[35m22[39m[33m,[39m[33m%[39m[35m22[39mpreload[33m%[39m[35m22[39m[33m:[39m[36mfalse[39m[33m,[39m[33m%[39m[35m22[39mhas_size_adjust[33m%[39m[35m22[39m[33m:[39m[36mtrue[39m}) format([32m'woff2'[39m)[33m;[39m
[31m[1m>[22m[39m[90m 26 |[39m   unicode[33m-[39mrange[33m:[39m [33mU[39m[33m+[39m[35m0370[39m[33m-[39m[35m0377[39m[33m,[39m [33mU[39m[33m+[39m[35m037[39m[33mA[39m[33m-[39m[35m037[39m[33mF[39m[33m,[39m [33mU[39m[33m+[39m[35m0384[39m[33m-[39m[35m038[39m[33mA[39m[33m,[39m [33mU[39m[33m+[39m[35m038[39m[33mC[39m[33m,[39m [33mU[39m[33m+[39m[35m038E-03[39m[33mA1[39m[33m,[39m [33mU[39m[33m+[39m[35m03[39m[33mA3[39m[33m-[39m[35m03[39m[33mFF[39m[33m;[39m
 [90m    |[39m         [31m[1m^[22m[39m
 [90m 27 |[39m }
 [90m 28 |[39m [90m/* vietnamese */[39m
 [90m 29 |[39m [33m@[39mfont[33m-[39mface {[0m

next/font/google queries have exactly one entry

Debug info:
- Execution of *AssetContext::process_resolve_result failed
- Execution of resolve failed
- Execution of resolve_internal failed
- Execution of <NextFontGoogleFontFileReplacer as ImportMappingReplacement>::result failed
- next/font/google queries have exactly one entry
Error while looking up import map: next/font/google queries have exactly one entry

Debug info:
- Execution of <NextFontGoogleFontFileReplacer as ImportMappingReplacement>::result failed
- next/font/google queries have exactly one entry


Import trace:
  Server Component:
    [next]/internal/font/google/jetbrains_mono_a08f4eab.module.css
    [next]/internal/font/google/jetbrains_mono_a08f4eab.js
    ./src/app/coach/membership/layout.tsx

https://nextjs.org/docs/messages/module-not-found


[next]/internal/font/google/jetbrains_mono_a08f4eab.module.css:35:9
Module not found: Can't resolve '@vercel/turbopack-next/internal/font/google/font'
[0m [90m 33 |[39m   font[33m-[39mdisplay[33m:[39m swap[33m;[39m
 [90m 34 |[39m   src[33m:[39m url([33m@[39mvercel[33m/[39mturbopack[33m-[39mnext[33m/[39minternal[33m/[39mfont[33m/[39mgoogle[35m/font?{%22url%22:%22https:/[39m[33m/[39mfonts[33m.[39mgstatic[33m.[39mcom[33m/[39ml[33m/[39mfont[33m%[39m[35m3[39m[33mFkit[39m[33m=[39mtDbv2o[33m-[39mflEEny0FZhsfKu5WU4zr3E_BX0PnT8RD8yKwBNntkaToggR7BYUjKPx_cwgknk[33m-[39m[35m4[39m[33m&[39mskey[33m=[39m[35m48[39mad01c60053c2ae[33m&[39mv[33m=[39mv24[33m%[39m[35m22[39m[33m,[39m[33m%[39m[35m22[39mpreload[33m%[39m[35m22[39m[33m:[39m[36mfalse[39m[33m,[39m[33m%[39m[35m22[39mhas_size_adjust[33m%[39m[35m22[39m[33m:[39m[36mtrue[39m}) format([32m'woff2'[39m)[33m;[39m
[31m[1m>[22m[39m[90m 35 |[39m   unicode[33m-[39mrange[33m:[39m [33mU[39m[33m+[39m[35m0102[39m[33m-[39m[35m0103[39m[33m,[39m [33mU[39m[33m+[39m[35m0110[39m[33m-[39m[35m0111[39m[33m,[39m [33mU[39m[33m+[39m[35m0128[39m[33m-[39m[35m0129[39m[33m,[39m [33mU[39m[33m+[39m[35m0168[39m[33m-[39m[35m0169[39m[33m,[39m [33mU[39m[33m+[39m[35m01[39m[33mA0[39m[33m-[39m[35m01[39m[33mA1[39m[33m,[39m [33mU[39m[33m+[39m[35m01[39m[33mAF[39m[33m-[39m[35m01[39m[33mB0[39m[33m,[39m [33mU[39m[33m+[39m[35m0300[39m[33m-[39m[35m0301[39m[33m,[39m [33mU[39m[33m+[39m[35m0303[39m[33m-[39m[35m0304[39m[33m,[39m [33mU[39m[33m+[39m[35m0308[39m[33m-[39m[35m0309[39m[33m,[39m [33mU[39m[33m+[39m[35m0323[39m[33m,[39m [33mU[39m[33m+[39m[35m0329[39m[33m,[39m [33mU[39m[33m+[39m[35m1[39m[33mEA0[39m[33m-[39m[35m1[39m[33mEF9[39m[33m,[39m [33mU[39m[33m+[39m[35m20[39m[33mAB[39m[33m;[39m
 [90m    |[39m         [31m[1m^[22m[39m
 [90m 36 |[39m }
 [90m 37 |[39m [90m/* latin-ext */[39m
 [90m 38 |[39m [33m@[39mfont[33m-[39mface {[0m

next/font/google queries have exactly one entry

Debug info:
- Execution of *AssetContext::process_resolve_result failed
- Execution of resolve failed
- Execution of resolve_internal failed
- Execution of <NextFontGoogleFontFileReplacer as ImportMappingReplacement>::result failed
- next/font/google queries have exactly one entry
Error while looking up import map: next/font/google queries have exactly one entry

Debug info:
- Execution of <NextFontGoogleFontFileReplacer as ImportMappingReplacement>::result failed
- next/font/google queries have exactly one entry


Import trace:
  Server Component:
    [next]/internal/font/google/jetbrains_mono_a08f4eab.module.css
    [next]/internal/font/google/jetbrains_mono_a08f4eab.js
    ./src/app/coach/membership/layout.tsx

https://nextjs.org/docs/messages/module-not-found


[next]/internal/font/google/jetbrains_mono_a08f4eab.module.css:44:9
Module not found: Can't resolve '@vercel/turbopack-next/internal/font/google/font'
[0m [90m 42 |[39m   font[33m-[39mdisplay[33m:[39m swap[33m;[39m
 [90m 43 |[39m   src[33m:[39m url([33m@[39mvercel[33m/[39mturbopack[33m-[39mnext[33m/[39minternal[33m/[39mfont[33m/[39mgoogle[35m/font?{%22url%22:%22https:/[39m[33m/[39mfonts[33m.[39mgstatic[33m.[39mcom[33m/[39ml[33m/[39mfont[33m%[39m[35m3[39m[33mFkit[39m[33m=[39mtDbv2o[33m-[39mflEEny0FZhsfKu5WU4zr3E_BX0PnT8RD8yKwBNntkaToggR7BYUjKPx7cwgknk[33m-[39m[35m4[39m[33m&[39mskey[33m=[39m[35m48[39mad01c60053c2ae[33m&[39mv[33m=[39mv24[33m%[39m[35m22[39m[33m,[39m[33m%[39m[35m22[39mpreload[33m%[39m[35m22[39m[33m:[39m[36mfalse[39m[33m,[39m[33m%[39m[35m22[39mhas_size_adjust[33m%[39m[35m22[39m[33m:[39m[36mtrue[39m}) format([32m'woff2'[39m)[33m;[39m
[31m[1m>[22m[39m[90m 44 |[39m   unicode[33m-[39mrange[33m:[39m [33mU[39m[33m+[39m[35m0100[39m[33m-[39m[35m02[39m[33mBA[39m[33m,[39m [33mU[39m[33m+[39m[35m02[39m[33mBD[39m[33m-[39m[35m02[39m[33mC5[39m[33m,[39m [33mU[39m[33m+[39m[35m02[39m[33mC7[39m[33m-[39m[35m02[39m[33mCC[39m[33m,[39m [33mU[39m[33m+[39m[35m02[39m[33mCE[39m[33m-[39m[35m02[39m[33mD7[39m[33m,[39m [33mU[39m[33m+[39m[35m02[39m[33mDD[39m[33m-[39m[35m02[39m[33mFF[39m[33m,[39m [33mU[39m[33m+[39m[35m0304[39m[33m,[39m [33mU[39m[33m+[39m[35m0308[39m[33m,[39m [33mU[39m[33m+[39m[35m0329[39m[33m,[39m [33mU[39m[33m+[39m[35m1[39m[33mD00[39m[33m-[39m[35m1[39m[33mDBF[39m[33m,[39m [33mU[39m[33m+[39m[35m1E00[39m[33m-[39m[35m1E9[39m[33mF[39m[33m,[39m [33mU[39m[33m+[39m[35m1[39m[33mEF2[39m[33m-[39m[35m1[39m[33mEFF[39m[33m,[39m [33mU[39m[33m+[39m[35m2020[39m[33m,[39m [33mU[39m[33m+[39m[35m20[39m[33mA0[39m[33m-[39m[35m20[39m[33mAB[39m[33m,[39m [33mU[39m[33m+[39m[35m20[39m[33mAD[39m[33m-[39m[35m20[39m[33mC0[39m[33m,[39m [33mU[39m[33m+[39m[35m2113[39m[33m,[39m [33mU[39m[33m+[39m[35m2[39m[33mC60[39m[33m-[39m[35m2[39m[33mC7F[39m[33m,[39m [33mU[39m[33m+[39m[33mA720[39m[33m-[39m[33mA7FF[39m[33m;[39m
 [90m    |[39m         [31m[1m^[22m[39m
 [90m 45 |[39m }
 [90m 46 |[39m [90m/* latin */[39m
 [90m 47 |[39m [33m@[39mfont[33m-[39mface {[0m

next/font/google queries have exactly one entry

Debug info:
- Execution of *AssetContext::process_resolve_result failed
- Execution of resolve failed
- Execution of resolve_internal failed
- Execution of <NextFontGoogleFontFileReplacer as ImportMappingReplacement>::result failed
- next/font/google queries have exactly one entry
Error while looking up import map: next/font/google queries have exactly one entry

Debug info:
- Execution of <NextFontGoogleFontFileReplacer as ImportMappingReplacement>::result failed
- next/font/google queries have exactly one entry


Import trace:
  Server Component:
    [next]/internal/font/google/jetbrains_mono_a08f4eab.module.css
    [next]/internal/font/google/jetbrains_mono_a08f4eab.js
    ./src/app/coach/membership/layout.tsx

https://nextjs.org/docs/messages/module-not-found


[next]/internal/font/google/jetbrains_mono_a08f4eab.module.css:53:9
Module not found: Can't resolve '@vercel/turbopack-next/internal/font/google/font'
[0m [90m 51 |[39m   font[33m-[39mdisplay[33m:[39m swap[33m;[39m
 [90m 52 |[39m   src[33m:[39m url([33m@[39mvercel[33m/[39mturbopack[33m-[39mnext[33m/[39minternal[33m/[39mfont[33m/[39mgoogle[35m/font?{%22url%22:%22https:/[39m[33m/[39mfonts[33m.[39mgstatic[33m.[39mcom[33m/[39ml[33m/[39mfont[33m%[39m[35m3[39m[33mFkit[39m[33m=[39mtDbv2o[33m-[39mflEEny0FZhsfKu5WU4zr3E_BX0PnT8RD8yKwBNntkaToggR7BYUjKPxDcwgknk[33m-[39m[35m4[39m[33m&[39mskey[33m=[39m[35m48[39mad01c60053c2ae[33m&[39mv[33m=[39mv24[33m%[39m[35m22[39m[33m,[39m[33m%[39m[35m22[39mpreload[33m%[39m[35m22[39m[33m:[39m[36mtrue[39m[33m,[39m[33m%[39m[35m22[39mhas_size_adjust[33m%[39m[35m22[39m[33m:[39m[36mtrue[39m}) format([32m'woff2'[39m)[33m;[39m
[31m[1m>[22m[39m[90m 53 |[39m   unicode[33m-[39mrange[33m:[39m [33mU[39m[33m+[39m[35m0000[39m[33m-[39m[35m00[39m[33mFF[39m[33m,[39m [33mU[39m[33m+[39m[35m0131[39m[33m,[39m [33mU[39m[33m+[39m[35m0152[39m[33m-[39m[35m0153[39m[33m,[39m [33mU[39m[33m+[39m[35m02[39m[33mBB[39m[33m-[39m[35m02[39m[33mBC[39m[33m,[39m [33mU[39m[33m+[39m[35m02[39m[33mC6[39m[33m,[39m [33mU[39m[33m+[39m[35m02[39m[33mDA[39m[33m,[39m [33mU[39m[33m+[39m[35m02[39m[33mDC[39m[33m,[39m [33mU[39m[33m+[39m[35m0304[39m[33m,[39m [33mU[39m[33m+[39m[35m0308[39m[33m,[39m [33mU[39m[33m+[39m[35m0329[39m[33m,[39m [33mU[39m[33m+[39m[35m2000[39m[33m-[39m[35m206[39m[33mF[39m[33m,[39m [33mU[39m[33m+[39m[35m20[39m[33mAC[39m[33m,[39m [33mU[39m[33m+[39m[35m2122[39m[33m,[39m [33mU[39m[33m+[39m[35m2191[39m[33m,[39m [33mU[39m[33m+[39m[35m2193[39m[33m,[39m [33mU[39m[33m+[39m[35m2212[39m[33m,[39m [33mU[39m[33m+[39m[35m2215[39m[33m,[39m [33mU[39m[33m+[39m[33mFEFF[39m[33m,[39m [33mU[39m[33m+[39m[33mFFFD[39m[33m;[39m
 [90m    |[39m         [31m[1m^[22m[39m
 [90m 54 |[39m }
 [90m 55 |[39m [90m/* cyrillic-ext */[39m
 [90m 56 |[39m [33m@[39mfont[33m-[39mface {[0m

next/font/google queries have exactly one entry

Debug info:
- Execution of *AssetContext::process_resolve_result failed
- Execution of resolve failed
- Execution of resolve_internal failed
- Execution of <NextFontGoogleFontFileReplacer as ImportMappingReplacement>::result failed
- next/font/google queries have exactly one entry
Error while looking up import map: next/font/google queries have exactly one entry

Debug info:
- Execution of <NextFontGoogleFontFileReplacer as ImportMappingReplacement>::result failed
- next/font/google queries have exactly one entry


Import trace:
  Server Component:
    [next]/internal/font/google/jetbrains_mono_a08f4eab.module.css
    [next]/internal/font/google/jetbrains_mono_a08f4eab.js
    ./src/app/coach/membership/layout.tsx

https://nextjs.org/docs/messages/module-not-found


[next]/internal/font/google/jetbrains_mono_a08f4eab.module.css:62:9
Module not found: Can't resolve '@vercel/turbopack-next/internal/font/google/font'
[0m [90m 60 |[39m   font[33m-[39mdisplay[33m:[39m swap[33m;[39m
 [90m 61 |[39m   src[33m:[39m url([33m@[39mvercel[33m/[39mturbopack[33m-[39mnext[33m/[39minternal[33m/[39mfont[33m/[39mgoogle[35m/font?{%22url%22:%22https:/[39m[33m/[39mfonts[33m.[39mgstatic[33m.[39mcom[33m/[39ml[33m/[39mfont[33m%[39m[35m3[39m[33mFkit[39m[33m=[39mtDbv2o[33m-[39mflEEny0FZhsfKu5WU4zr3E_BX0PnT8RD8yKwBNntkaToggR7BYUjKPx3cwgknk[33m-[39m[35m4[39m[33m&[39mskey[33m=[39m[35m48[39mad01c60053c2ae[33m&[39mv[33m=[39mv24[33m%[39m[35m22[39m[33m,[39m[33m%[39m[35m22[39mpreload[33m%[39m[35m22[39m[33m:[39m[36mfalse[39m[33m,[39m[33m%[39m[35m22[39mhas_size_adjust[33m%[39m[35m22[39m[33m:[39m[36mtrue[39m}) format([32m'woff2'[39m)[33m;[39m
[31m[1m>[22m[39m[90m 62 |[39m   unicode[33m-[39mrange[33m:[39m [33mU[39m[33m+[39m[35m0460[39m[33m-[39m[35m052[39m[33mF[39m[33m,[39m [33mU[39m[33m+[39m[35m1[39m[33mC80[39m[33m-[39m[35m1[39m[33mC8A[39m[33m,[39m [33mU[39m[33m+[39m[35m20[39m[33mB4[39m[33m,[39m [33mU[39m[33m+[39m[35m2[39m[33mDE0[39m[33m-[39m[35m2[39m[33mDFF[39m[33m,[39m [33mU[39m[33m+[39m[33mA640[39m[33m-[39m[33mA69F[39m[33m,[39m [33mU[39m[33m+[39m[33mFE2E[39m[33m-[39m[33mFE2F[39m[33m;[39m
 [90m    |[39m         [31m[1m^[22m[39m
 [90m 63 |[39m }
 [90m 64 |[39m [90m/* cyrillic */[39m
 [90m 65 |[39m [33m@[39mfont[33m-[39mface {[0m

next/font/google queries have exactly one entry

Debug info:
- Execution of *AssetContext::process_resolve_result failed
- Execution of resolve failed
- Execution of resolve_internal failed
- Execution of <NextFontGoogleFontFileReplacer as ImportMappingReplacement>::result failed
- next/font/google queries have exactly one entry
Error while looking up import map: next/font/google queries have exactly one entry

Debug info:
- Execution of <NextFontGoogleFontFileReplacer as ImportMappingReplacement>::result failed
- next/font/google queries have exactly one entry


Import trace:
  Server Component:
    [next]/internal/font/google/jetbrains_mono_a08f4eab.module.css
    [next]/internal/font/google/jetbrains_mono_a08f4eab.js
    ./src/app/coach/membership/layout.tsx

https://nextjs.org/docs/messages/module-not-found


[next]/internal/font/google/jetbrains_mono_a08f4eab.module.css:71:9
Module not found: Can't resolve '@vercel/turbopack-next/internal/font/google/font'
[0m [90m 69 |[39m   font[33m-[39mdisplay[33m:[39m swap[33m;[39m
 [90m 70 |[39m   src[33m:[39m url([33m@[39mvercel[33m/[39mturbopack[33m-[39mnext[33m/[39minternal[33m/[39mfont[33m/[39mgoogle[35m/font?{%22url%22:%22https:/[39m[33m/[39mfonts[33m.[39mgstatic[33m.[39mcom[33m/[39ml[33m/[39mfont[33m%[39m[35m3[39m[33mFkit[39m[33m=[39mtDbv2o[33m-[39mflEEny0FZhsfKu5WU4zr3E_BX0PnT8RD8yKwBNntkaToggR7BYUjKPxTcwgknk[33m-[39m[35m4[39m[33m&[39mskey[33m=[39m[35m48[39mad01c60053c2ae[33m&[39mv[33m=[39mv24[33m%[39m[35m22[39m[33m,[39m[33m%[39m[35m22[39mpreload[33m%[39m[35m22[39m[33m:[39m[36mfalse[39m[33m,[39m[33m%[39m[35m22[39mhas_size_adjust[33m%[39m[35m22[39m[33m:[39m[36mtrue[39m}) format([32m'woff2'[39m)[33m;[39m
[31m[1m>[22m[39m[90m 71 |[39m   unicode[33m-[39mrange[33m:[39m [33mU[39m[33m+[39m[35m0301[39m[33m,[39m [33mU[39m[33m+[39m[35m0400[39m[33m-[39m[35m045[39m[33mF[39m[33m,[39m [33mU[39m[33m+[39m[35m0490[39m[33m-[39m[35m0491[39m[33m,[39m [33mU[39m[33m+[39m[35m04[39m[33mB0[39m[33m-[39m[35m04[39m[33mB1[39m[33m,[39m [33mU[39m[33m+[39m[35m2116[39m[33m;[39m
 [90m    |[39m         [31m[1m^[22m[39m
 [90m 72 |[39m }
 [90m 73 |[39m [90m/* greek */[39m
 [90m 74 |[39m [33m@[39mfont[33m-[39mface {[0m

next/font/google queries have exactly one entry

Debug info:
- Execution of *AssetContext::process_resolve_result failed
- Execution of resolve failed
- Execution of resolve_internal failed
- Execution of <NextFontGoogleFontFileReplacer as ImportMappingReplacement>::result failed
- next/font/google queries have exactly one entry
Error while looking up import map: next/font/google queries have exactly one entry

Debug info:
- Execution of <NextFontGoogleFontFileReplacer as ImportMappingReplacement>::result failed
- next/font/google queries have exactly one entry


Import trace:
  Server Component:
    [next]/internal/font/google/jetbrains_mono_a08f4eab.module.css
    [next]/internal/font/google/jetbrains_mono_a08f4eab.js
    ./src/app/coach/membership/layout.tsx

https://nextjs.org/docs/messages/module-not-found


[next]/internal/font/google/jetbrains_mono_a08f4eab.module.css:80:9
Module not found: Can't resolve '@vercel/turbopack-next/internal/font/google/font'
[0m [90m 78 |[39m   font[33m-[39mdisplay[33m:[39m swap[33m;[39m
 [90m 79 |[39m   src[33m:[39m url([33m@[39mvercel[33m/[39mturbopack[33m-[39mnext[33m/[39minternal[33m/[39mfont[33m/[39mgoogle[35m/font?{%22url%22:%22https:/[39m[33m/[39mfonts[33m.[39mgstatic[33m.[39mcom[33m/[39ml[33m/[39mfont[33m%[39m[35m3[39m[33mFkit[39m[33m=[39mtDbv2o[33m-[39mflEEny0FZhsfKu5WU4zr3E_BX0PnT8RD8yKwBNntkaToggR7BYUjKPxPcwgknk[33m-[39m[35m4[39m[33m&[39mskey[33m=[39m[35m48[39mad01c60053c2ae[33m&[39mv[33m=[39mv24[33m%[39m[35m22[39m[33m,[39m[33m%[39m[35m22[39mpreload[33m%[39m[35m22[39m[33m:[39m[36mfalse[39m[33m,[39m[33m%[39m[35m22[39mhas_size_adjust[33m%[39m[35m22[39m[33m:[39m[36mtrue[39m}) format([32m'woff2'[39m)[33m;[39m
[31m[1m>[22m[39m[90m 80 |[39m   unicode[33m-[39mrange[33m:[39m [33mU[39m[33m+[39m[35m0370[39m[33m-[39m[35m0377[39m[33m,[39m [33mU[39m[33m+[39m[35m037[39m[33mA[39m[33m-[39m[35m037[39m[33mF[39m[33m,[39m [33mU[39m[33m+[39m[35m0384[39m[33m-[39m[35m038[39m[33mA[39m[33m,[39m [33mU[39m[33m+[39m[35m038[39m[33mC[39m[33m,[39m [33mU[39m[33m+[39m[35m038E-03[39m[33mA1[39m[33m,[39m [33mU[39m[33m+[39m[35m03[39m[33mA3[39m[33m-[39m[35m03[39m[33mFF[39m[33m;[39m
 [90m    |[39m         [31m[1m^[22m[39m
 [90m 81 |[39m }
 [90m 82 |[39m [90m/* vietnamese */[39m
 [90m 83 |[39m [33m@[39mfont[33m-[39mface {[0m

next/font/google queries have exactly one entry

Debug info:
- Execution of *AssetContext::process_resolve_result failed
- Execution of resolve failed
- Execution of resolve_internal failed
- Execution of <NextFontGoogleFontFileReplacer as ImportMappingReplacement>::result failed
- next/font/google queries have exactly one entry
Error while looking up import map: next/font/google queries have exactly one entry

Debug info:
- Execution of <NextFontGoogleFontFileReplacer as ImportMappingReplacement>::result failed
- next/font/google queries have exactly one entry


Import trace:
  Server Component:
    [next]/internal/font/google/jetbrains_mono_a08f4eab.module.css
    [next]/internal/font/google/jetbrains_mono_a08f4eab.js
    ./src/app/coach/membership/layout.tsx

https://nextjs.org/docs/messages/module-not-found


[next]/internal/font/google/jetbrains_mono_a08f4eab.module.css:89:9
Module not found: Can't resolve '@vercel/turbopack-next/internal/font/google/font'
[0m [90m 87 |[39m   font[33m-[39mdisplay[33m:[39m swap[33m;[39m
 [90m 88 |[39m   src[33m:[39m url([33m@[39mvercel[33m/[39mturbopack[33m-[39mnext[33m/[39minternal[33m/[39mfont[33m/[39mgoogle[35m/font?{%22url%22:%22https:/[39m[33m/[39mfonts[33m.[39mgstatic[33m.[39mcom[33m/[39ml[33m/[39mfont[33m%[39m[35m3[39m[33mFkit[39m[33m=[39mtDbv2o[33m-[39mflEEny0FZhsfKu5WU4zr3E_BX0PnT8RD8yKwBNntkaToggR7BYUjKPx_cwgknk[33m-[39m[35m4[39m[33m&[39mskey[33m=[39m[35m48[39mad01c60053c2ae[33m&[39mv[33m=[39mv24[33m%[39m[35m22[39m[33m,[39m[33m%[39m[35m22[39mpreload[33m%[39m[35m22[39m[33m:[39m[36mfalse[39m[33m,[39m[33m%[39m[35m22[39mhas_size_adjust[33m%[39m[35m22[39m[33m:[39m[36mtrue[39m}) format([32m'woff2'[39m)[33m;[39m
[31m[1m>[22m[39m[90m 89 |[39m   unicode[33m-[39mrange[33m:[39m [33mU[39m[33m+[39m[35m0102[39m[33m-[39m[35m0103[39m[33m,[39m [33mU[39m[33m+[39m[35m0110[39m[33m-[39m[35m0111[39m[33m,[39m [33mU[39m[33m+[39m[35m0128[39m[33m-[39m[35m0129[39m[33m,[39m [33mU[39m[33m+[39m[35m0168[39m[33m-[39m[35m0169[39m[33m,[39m [33mU[39m[33m+[39m[35m01[39m[33mA0[39m[33m-[39m[35m01[39m[33mA1[39m[33m,[39m [33mU[39m[33m+[39m[35m01[39m[33mAF[39m[33m-[39m[35m01[39m[33mB0[39m[33m,[39m [33mU[39m[33m+[39m[35m0300[39m[33m-[39m[35m0301[39m[33m,[39m [33mU[39m[33m+[39m[35m0303[39m[33m-[39m[35m0304[39m[33m,[39m [33mU[39m[33m+[39m[35m0308[39m[33m-[39m[35m0309[39m[33m,[39m [33mU[39m[33m+[39m[35m0323[39m[33m,[39m [33mU[39m[33m+[39m[35m0329[39m[33m,[39m [33mU[39m[33m+[39m[35m1[39m[33mEA0[39m[33m-[39m[35m1[39m[33mEF9[39m[33m,[39m [33mU[39m[33m+[39m[35m20[39m[33mAB[39m[33m;[39m
 [90m    |[39m         [31m[1m^[22m[39m
 [90m 90 |[39m }
 [90m 91 |[39m [90m/* latin-ext */[39m
 [90m 92 |[39m [33m@[39mfont[33m-[39mface {[0m

next/font/google queries have exactly one entry

Debug info:
- Execution of *AssetContext::process_resolve_result failed
- Execution of resolve failed
- Execution of resolve_internal failed
- Execution of <NextFontGoogleFontFileReplacer as ImportMappingReplacement>::result failed
- next/font/google queries have exactly one entry
Error while looking up import map: next/font/google queries have exactly one entry

Debug info:
- Execution of <NextFontGoogleFontFileReplacer as ImportMappingReplacement>::result failed
- next/font/google queries have exactly one entry


Import trace:
  Server Component:
    [next]/internal/font/google/jetbrains_mono_a08f4eab.module.css
    [next]/internal/font/google/jetbrains_mono_a08f4eab.js
    ./src/app/coach/membership/layout.tsx

https://nextjs.org/docs/messages/module-not-found


[next]/internal/font/google/jetbrains_mono_a08f4eab.module.css:98:9
Module not found: Can't resolve '@vercel/turbopack-next/internal/font/google/font'
[0m [90m  96 |[39m   font[33m-[39mdisplay[33m:[39m swap[33m;[39m
 [90m  97 |[39m   src[33m:[39m url([33m@[39mvercel[33m/[39mturbopack[33m-[39mnext[33m/[39minternal[33m/[39mfont[33m/[39mgoogle[35m/font?{%22url%22:%22https:/[39m[33m/[39mfonts[33m.[39mgstatic[33m.[39mcom[33m/[39ml[33m/[39mfont[33m%[39m[35m3[39m[33mFkit[39m[33m=[39mtDbv2o[33m-[39mflEEny0FZhsfKu5WU4zr3E_BX0PnT8RD8yKwBNntkaToggR7BYUjKPx7cwgknk[33m-[39m[35m4[39m[33m&[39mskey[33m=[39m[35m48[39mad01c60053c2ae[33m&[39mv[33m=[39mv24[33m%[39m[35m22[39m[33m,[39m[33m%[39m[35m22[39mpreload[33m%[39m[35m22[39m[33m:[39m[36mfalse[39m[33m,[39m[33m%[39m[35m22[39mhas_size_adjust[33m%[39m[35m22[39m[33m:[39m[36mtrue[39m}) format([32m'woff2'[39m)[33m;[39m
[31m[1m>[22m[39m[90m  98 |[39m   unicode[33m-[39mrange[33m:[39m [33mU[39m[33m+[39m[35m0100[39m[33m-[39m[35m02[39m[33mBA[39m[33m,[39m [33mU[39m[33m+[39m[35m02[39m[33mBD[39m[33m-[39m[35m02[39m[33mC5[39m[33m,[39m [33mU[39m[33m+[39m[35m02[39m[33mC7[39m[33m-[39m[35m02[39m[33mCC[39m[33m,[39m [33mU[39m[33m+[39m[35m02[39m[33mCE[39m[33m-[39m[35m02[39m[33mD7[39m[33m,[39m [33mU[39m[33m+[39m[35m02[39m[33mDD[39m[33m-[39m[35m02[39m[33mFF[39m[33m,[39m [33mU[39m[33m+[39m[35m0304[39m[33m,[39m [33mU[39m[33m+[39m[35m0308[39m[33m,[39m [33mU[39m[33m+[39m[35m0329[39m[33m,[39m [33mU[39m[33m+[39m[35m1[39m[33mD00[39m[33m-[39m[35m1[39m[33mDBF[39m[33m,[39m [33mU[39m[33m+[39m[35m1E00[39m[33m-[39m[35m1E9[39m[33mF[39m[33m,[39m [33mU[39m[33m+[39m[35m1[39m[33mEF2[39m[33m-[39m[35m1[39m[33mEFF[39m[33m,[39m [33mU[39m[33m+[39m[35m2020[39m[33m,[39m [33mU[39m[33m+[39m[35m20[39m[33mA0[39m[33m-[39m[35m20[39m[33mAB[39m[33m,[39m [33mU[39m[33m+[39m[35m20[39m[33mAD[39m[33m-[39m[35m20[39m[33mC0[39m[33m,[39m [33mU[39m[33m+[39m[35m2113[39m[33m,[39m [33mU[39m[33m+[39m[35m2[39m[33mC60[39m[33m-[39m[35m2[39m[33mC7F[39m[33m,[39m [33mU[39m[33m+[39m[33mA720[39m[33m-[39m[33mA7FF[39m[33m;[39m
 [90m     |[39m         [31m[1m^[22m[39m
 [90m  99 |[39m }
 [90m 100 |[39m [90m/* latin */[39m
 [90m 101 |[39m [33m@[39mfont[33m-[39mface {[0m

next/font/google queries have exactly one entry

Debug info:
- Execution of *AssetContext::process_resolve_result failed
- Execution of resolve failed
- Execution of resolve_internal failed
- Execution of <NextFontGoogleFontFileReplacer as ImportMappingReplacement>::result failed
- next/font/google queries have exactly one entry
Error while looking up import map: next/font/google queries have exactly one entry

Debug info:
- Execution of <NextFontGoogleFontFileReplacer as ImportMappingReplacement>::result failed
- next/font/google queries have exactly one entry


Import trace:
  Server Component:
    [next]/internal/font/google/jetbrains_mono_a08f4eab.module.css
    [next]/internal/font/google/jetbrains_mono_a08f4eab.js
    ./src/app/coach/membership/layout.tsx

https://nextjs.org/docs/messages/module-not-found


[next]/internal/font/google/jetbrains_mono_a08f4eab.module.css:107:9
Module not found: Can't resolve '@vercel/turbopack-next/internal/font/google/font'
[0m [90m 105 |[39m   font[33m-[39mdisplay[33m:[39m swap[33m;[39m
 [90m 106 |[39m   src[33m:[39m url([33m@[39mvercel[33m/[39mturbopack[33m-[39mnext[33m/[39minternal[33m/[39mfont[33m/[39mgoogle[35m/font?{%22url%22:%22https:/[39m[33m/[39mfonts[33m.[39mgstatic[33m.[39mcom[33m/[39ml[33m/[39mfont[33m%[39m[35m3[39m[33mFkit[39m[33m=[39mtDbv2o[33m-[39mflEEny0FZhsfKu5WU4zr3E_BX0PnT8RD8yKwBNntkaToggR7BYUjKPxDcwgknk[33m-[39m[35m4[39m[33m&[39mskey[33m=[39m[35m48[39mad01c60053c2ae[33m&[39mv[33m=[39mv24[33m%[39m[35m22[39m[33m,[39m[33m%[39m[35m22[39mpreload[33m%[39m[35m22[39m[33m:[39m[36mtrue[39m[33m,[39m[33m%[39m[35m22[39mhas_size_adjust[33m%[39m[35m22[39m[33m:[39m[36mtrue[39m}) format([32m'woff2'[39m)[33m;[39m
[31m[1m>[22m[39m[90m 107 |[39m   unicode[33m-[39mrange[33m:[39m [33mU[39m[33m+[39m[35m0000[39m[33m-[39m[35m00[39m[33mFF[39m[33m,[39m [33mU[39m[33m+[39m[35m0131[39m[33m,[39m [33mU[39m[33m+[39m[35m0152[39m[33m-[39m[35m0153[39m[33m,[39m [33mU[39m[33m+[39m[35m02[39m[33mBB[39m[33m-[39m[35m02[39m[33mBC[39m[33m,[39m [33mU[39m[33m+[39m[35m02[39m[33mC6[39m[33m,[39m [33mU[39m[33m+[39m[35m02[39m[33mDA[39m[33m,[39m [33mU[39m[33m+[39m[35m02[39m[33mDC[39m[33m,[39m [33mU[39m[33m+[39m[35m0304[39m[33m,[39m [33mU[39m[33m+[39m[35m0308[39m[33m,[39m [33mU[39m[33m+[39m[35m0329[39m[33m,[39m [33mU[39m[33m+[39m[35m2000[39m[33m-[39m[35m206[39m[33mF[39m[33m,[39m [33mU[39m[33m+[39m[35m20[39m[33mAC[39m[33m,[39m [33mU[39m[33m+[39m[35m2122[39m[33m,[39m [33mU[39m[33m+[39m[35m2191[39m[33m,[39m [33mU[39m[33m+[39m[35m2193[39m[33m,[39m [33mU[39m[33m+[39m[35m2212[39m[33m,[39m [33mU[39m[33m+[39m[35m2215[39m[33m,[39m [33mU[39m[33m+[39m[33mFEFF[39m[33m,[39m [33mU[39m[33m+[39m[33mFFFD[39m[33m;[39m
 [90m     |[39m         [31m[1m^[22m[39m
 [90m 108 |[39m }
 [90m 109 |[39m [90m/* cyrillic-ext */[39m
 [90m 110 |[39m [33m@[39mfont[33m-[39mface {[0m

next/font/google queries have exactly one entry

Debug info:
- Execution of *AssetContext::process_resolve_result failed
- Execution of resolve failed
- Execution of resolve_internal failed
- Execution of <NextFontGoogleFontFileReplacer as ImportMappingReplacement>::result failed
- next/font/google queries have exactly one entry
Error while looking up import map: next/font/google queries have exactly one entry

Debug info:
- Execution of <NextFontGoogleFontFileReplacer as ImportMappingReplacement>::result failed
- next/font/google queries have exactly one entry


Import trace:
  Server Component:
    [next]/internal/font/google/jetbrains_mono_a08f4eab.module.css
    [next]/internal/font/google/jetbrains_mono_a08f4eab.js
    ./src/app/coach/membership/layout.tsx

https://nextjs.org/docs/messages/module-not-found


[next]/internal/font/google/jetbrains_mono_a08f4eab.module.css:116:9
Module not found: Can't resolve '@vercel/turbopack-next/internal/font/google/font'
[0m [90m 114 |[39m   font[33m-[39mdisplay[33m:[39m swap[33m;[39m
 [90m 115 |[39m   src[33m:[39m url([33m@[39mvercel[33m/[39mturbopack[33m-[39mnext[33m/[39minternal[33m/[39mfont[33m/[39mgoogle[35m/font?{%22url%22:%22https:/[39m[33m/[39mfonts[33m.[39mgstatic[33m.[39mcom[33m/[39ml[33m/[39mfont[33m%[39m[35m3[39m[33mFkit[39m[33m=[39mtDbv2o[33m-[39mflEEny0FZhsfKu5WU4zr3E_BX0PnT8RD8yKwBNntkaToggR7BYUjKPx3cwgknk[33m-[39m[35m4[39m[33m&[39mskey[33m=[39m[35m48[39mad01c60053c2ae[33m&[39mv[33m=[39mv24[33m%[39m[35m22[39m[33m,[39m[33m%[39m[35m22[39mpreload[33m%[39m[35m22[39m[33m:[39m[36mfalse[39m[33m,[39m[33m%[39m[35m22[39mhas_size_adjust[33m%[39m[35m22[39m[33m:[39m[36mtrue[39m}) format([32m'woff2'[39m)[33m;[39m
[31m[1m>[22m[39m[90m 116 |[39m   unicode[33m-[39mrange[33m:[39m [33mU[39m[33m+[39m[35m0460[39m[33m-[39m[35m052[39m[33mF[39m[33m,[39m [33mU[39m[33m+[39m[35m1[39m[33mC80[39m[33m-[39m[35m1[39m[33mC8A[39m[33m,[39m [33mU[39m[33m+[39m[35m20[39m[33mB4[39m[33m,[39m [33mU[39m[33m+[39m[35m2[39m[33mDE0[39m[33m-[39m[35m2[39m[33mDFF[39m[33m,[39m [33mU[39m[33m+[39m[33mA640[39m[33m-[39m[33mA69F[39m[33m,[39m [33mU[39m[33m+[39m[33mFE2E[39m[33m-[39m[33mFE2F[39m[33m;[39m
 [90m     |[39m         [31m[1m^[22m[39m
 [90m 117 |[39m }
 [90m 118 |[39m [90m/* cyrillic */[39m
 [90m 119 |[39m [33m@[39mfont[33m-[39mface {[0m

next/font/google queries have exactly one entry

Debug info:
- Execution of *AssetContext::process_resolve_result failed
- Execution of resolve failed
- Execution of resolve_internal failed
- Execution of <NextFontGoogleFontFileReplacer as ImportMappingReplacement>::result failed
- next/font/google queries have exactly one entry
Error while looking up import map: next/font/google queries have exactly one entry

Debug info:
- Execution of <NextFontGoogleFontFileReplacer as ImportMappingReplacement>::result failed
- next/font/google queries have exactly one entry


Import trace:
  Server Component:
    [next]/internal/font/google/jetbrains_mono_a08f4eab.module.css
    [next]/internal/font/google/jetbrains_mono_a08f4eab.js
    ./src/app/coach/membership/layout.tsx

https://nextjs.org/docs/messages/module-not-found


[next]/internal/font/google/jetbrains_mono_a08f4eab.module.css:125:9
Module not found: Can't resolve '@vercel/turbopack-next/internal/font/google/font'
[0m [90m 123 |[39m   font[33m-[39mdisplay[33m:[39m swap[33m;[39m
 [90m 124 |[39m   src[33m:[39m url([33m@[39mvercel[33m/[39mturbopack[33m-[39mnext[33m/[39minternal[33m/[39mfont[33m/[39mgoogle[35m/font?{%22url%22:%22https:/[39m[33m/[39mfonts[33m.[39mgstatic[33m.[39mcom[33m/[39ml[33m/[39mfont[33m%[39m[35m3[39m[33mFkit[39m[33m=[39mtDbv2o[33m-[39mflEEny0FZhsfKu5WU4zr3E_BX0PnT8RD8yKwBNntkaToggR7BYUjKPxTcwgknk[33m-[39m[35m4[39m[33m&[39mskey[33m=[39m[35m48[39mad01c60053c2ae[33m&[39mv[33m=[39mv24[33m%[39m[35m22[39m[33m,[39m[33m%[39m[35m22[39mpreload[33m%[39m[35m22[39m[33m:[39m[36mfalse[39m[33m,[39m[33m%[39m[35m22[39mhas_size_adjust[33m%[39m[35m22[39m[33m:[39m[36mtrue[39m}) format([32m'woff2'[39m)[33m;[39m
[31m[1m>[22m[39m[90m 125 |[39m   unicode[33m-[39mrange[33m:[39m [33mU[39m[33m+[39m[35m0301[39m[33m,[39m [33mU[39m[33m+[39m[35m0400[39m[33m-[39m[35m045[39m[33mF[39m[33m,[39m [33mU[39m[33m+[39m[35m0490[39m[33m-[39m[35m0491[39m[33m,[39m [33mU[39m[33m+[39m[35m04[39m[33mB0[39m[33m-[39m[35m04[39m[33mB1[39m[33m,[39m [33mU[39m[33m+[39m[35m2116[39m[33m;[39m
 [90m     |[39m         [31m[1m^[22m[39m
 [90m 126 |[39m }
 [90m 127 |[39m [90m/* greek */[39m
 [90m 128 |[39m [33m@[39mfont[33m-[39mface {[0m

next/font/google queries have exactly one entry

Debug info:
- Execution of *AssetContext::process_resolve_result failed
- Execution of resolve failed
- Execution of resolve_internal failed
- Execution of <NextFontGoogleFontFileReplacer as ImportMappingReplacement>::result failed
- next/font/google queries have exactly one entry
Error while looking up import map: next/font/google queries have exactly one entry

Debug info:
- Execution of <NextFontGoogleFontFileReplacer as ImportMappingReplacement>::result failed
- next/font/google queries have exactly one entry


Import trace:
  Server Component:
    [next]/internal/font/google/jetbrains_mono_a08f4eab.module.css
    [next]/internal/font/google/jetbrains_mono_a08f4eab.js
    ./src/app/coach/membership/layout.tsx

https://nextjs.org/docs/messages/module-not-found


[next]/internal/font/google/jetbrains_mono_a08f4eab.module.css:134:9
Module not found: Can't resolve '@vercel/turbopack-next/internal/font/google/font'
[0m [90m 132 |[39m   font[33m-[39mdisplay[33m:[39m swap[33m;[39m
 [90m 133 |[39m   src[33m:[39m url([33m@[39mvercel[33m/[39mturbopack[33m-[39mnext[33m/[39minternal[33m/[39mfont[33m/[39mgoogle[35m/font?{%22url%22:%22https:/[39m[33m/[39mfonts[33m.[39mgstatic[33m.[39mcom[33m/[39ml[33m/[39mfont[33m%[39m[35m3[39m[33mFkit[39m[33m=[39mtDbv2o[33m-[39mflEEny0FZhsfKu5WU4zr3E_BX0PnT8RD8yKwBNntkaToggR7BYUjKPxPcwgknk[33m-[39m[35m4[39m[33m&[39mskey[33m=[39m[35m48[39mad01c60053c2ae[33m&[39mv[33m=[39mv24[33m%[39m[35m22[39m[33m,[39m[33m%[39m[35m22[39mpreload[33m%[39m[35m22[39m[33m:[39m[36mfalse[39m[33m,[39m[33m%[39m[35m22[39mhas_size_adjust[33m%[39m[35m22[39m[33m:[39m[36mtrue[39m}) format([32m'woff2'[39m)[33m;[39m
[31m[1m>[22m[39m[90m 134 |[39m   unicode[33m-[39mrange[33m:[39m [33mU[39m[33m+[39m[35m0370[39m[33m-[39m[35m0377[39m[33m,[39m [33mU[39m[33m+[39m[35m037[39m[33mA[39m[33m-[39m[35m037[39m[33mF[39m[33m,[39m [33mU[39m[33m+[39m[35m0384[39m[33m-[39m[35m038[39m[33mA[39m[33m,[39m [33mU[39m[33m+[39m[35m038[39m[33mC[39m[33m,[39m [33mU[39m[33m+[39m[35m038E-03[39m[33mA1[39m[33m,[39m [33mU[39m[33m+[39m[35m03[39m[33mA3[39m[33m-[39m[35m03[39m[33mFF[39m[33m;[39m
 [90m     |[39m         [31m[1m^[22m[39m
 [90m 135 |[39m }
 [90m 136 |[39m [90m/* vietnamese */[39m
 [90m 137 |[39m [33m@[39mfont[33m-[39mface {[0m

next/font/google queries have exactly one entry

Debug info:
- Execution of *AssetContext::process_resolve_result failed
- Execution of resolve failed
- Execution of resolve_internal failed
- Execution of <NextFontGoogleFontFileReplacer as ImportMappingReplacement>::result failed
- next/font/google queries have exactly one entry
Error while looking up import map: next/font/google queries have exactly one entry

Debug info:
- Execution of <NextFontGoogleFontFileReplacer as ImportMappingReplacement>::result failed
- next/font/google queries have exactly one entry


Import trace:
  Server Component:
    [next]/internal/font/google/jetbrains_mono_a08f4eab.module.css
    [next]/internal/font/google/jetbrains_mono_a08f4eab.js
    ./src/app/coach/membership/layout.tsx

https://nextjs.org/docs/messages/module-not-found


[next]/internal/font/google/jetbrains_mono_a08f4eab.module.css:143:9
Module not found: Can't resolve '@vercel/turbopack-next/internal/font/google/font'
[0m [90m 141 |[39m   font[33m-[39mdisplay[33m:[39m swap[33m;[39m
 [90m 142 |[39m   src[33m:[39m url([33m@[39mvercel[33m/[39mturbopack[33m-[39mnext[33m/[39minternal[33m/[39mfont[33m/[39mgoogle[35m/font?{%22url%22:%22https:/[39m[33m/[39mfonts[33m.[39mgstatic[33m.[39mcom[33m/[39ml[33m/[39mfont[33m%[39m[35m3[39m[33mFkit[39m[33m=[39mtDbv2o[33m-[39mflEEny0FZhsfKu5WU4zr3E_BX0PnT8RD8yKwBNntkaToggR7BYUjKPx_cwgknk[33m-[39m[35m4[39m[33m&[39mskey[33m=[39m[35m48[39mad01c60053c2ae[33m&[39mv[33m=[39mv24[33m%[39m[35m22[39m[33m,[39m[33m%[39m[35m22[39mpreload[33m%[39m[35m22[39m[33m:[39m[36mfalse[39m[33m,[39m[33m%[39m[35m22[39mhas_size_adjust[33m%[39m[35m22[39m[33m:[39m[36mtrue[39m}) format([32m'woff2'[39m)[33m;[39m
[31m[1m>[22m[39m[90m 143 |[39m   unicode[33m-[39mrange[33m:[39m [33mU[39m[33m+[39m[35m0102[39m[33m-[39m[35m0103[39m[33m,[39m [33mU[39m[33m+[39m[35m0110[39m[33m-[39m[35m0111[39m[33m,[39m [33mU[39m[33m+[39m[35m0128[39m[33m-[39m[35m0129[39m[33m,[39m [33mU[39m[33m+[39m[35m0168[39m[33m-[39m[35m0169[39m[33m,[39m [33mU[39m[33m+[39m[35m01[39m[33mA0[39m[33m-[39m[35m01[39m[33mA1[39m[33m,[39m [33mU[39m[33m+[39m[35m01[39m[33mAF[39m[33m-[39m[35m01[39m[33mB0[39m[33m,[39m [33mU[39m[33m+[39m[35m0300[39m[33m-[39m[35m0301[39m[33m,[39m [33mU[39m[33m+[39m[35m0303[39m[33m-[39m[35m0304[39m[33m,[39m [33mU[39m[33m+[39m[35m0308[39m[33m-[39m[35m0309[39m[33m,[39m [33mU[39m[33m+[39m[35m0323[39m[33m,[39m [33mU[39m[33m+[39m[35m0329[39m[33m,[39m [33mU[39m[33m+[39m[35m1[39m[33mEA0[39m[33m-[39m[35m1[39m[33mEF9[39m[33m,[39m [33mU[39m[33m+[39m[35m20[39m[33mAB[39m[33m;[39m
 [90m     |[39m         [31m[1m^[22m[39m
 [90m 144 |[39m }
 [90m 145 |[39m [90m/* latin-ext */[39m
 [90m 146 |[39m [33m@[39mfont[33m-[39mface {[0m

next/font/google queries have exactly one entry

Debug info:
- Execution of *AssetContext::process_resolve_result failed
- Execution of resolve failed
- Execution of resolve_internal failed
- Execution of <NextFontGoogleFontFileReplacer as ImportMappingReplacement>::result failed
- next/font/google queries have exactly one entry
Error while looking up import map: next/font/google queries have exactly one entry

Debug info:
- Execution of <NextFontGoogleFontFileReplacer as ImportMappingReplacement>::result failed
- next/font/google queries have exactly one entry


Import trace:
  Server Component:
    [next]/internal/font/google/jetbrains_mono_a08f4eab.module.css
    [next]/internal/font/google/jetbrains_mono_a08f4eab.js
    ./src/app/coach/membership/layout.tsx

https://nextjs.org/docs/messages/module-not-found


[next]/internal/font/google/jetbrains_mono_a08f4eab.module.css:152:9
Module not found: Can't resolve '@vercel/turbopack-next/internal/font/google/font'
[0m [90m 150 |[39m   font[33m-[39mdisplay[33m:[39m swap[33m;[39m
 [90m 151 |[39m   src[33m:[39m url([33m@[39mvercel[33m/[39mturbopack[33m-[39mnext[33m/[39minternal[33m/[39mfont[33m/[39mgoogle[35m/font?{%22url%22:%22https:/[39m[33m/[39mfonts[33m.[39mgstatic[33m.[39mcom[33m/[39ml[33m/[39mfont[33m%[39m[35m3[39m[33mFkit[39m[33m=[39mtDbv2o[33m-[39mflEEny0FZhsfKu5WU4zr3E_BX0PnT8RD8yKwBNntkaToggR7BYUjKPx7cwgknk[33m-[39m[35m4[39m[33m&[39mskey[33m=[39m[35m48[39mad01c60053c2ae[33m&[39mv[33m=[39mv24[33m%[39m[35m22[39m[33m,[39m[33m%[39m[35m22[39mpreload[33m%[39m[35m22[39m[33m:[39m[36mfalse[39m[33m,[39m[33m%[39m[35m22[39mhas_size_adjust[33m%[39m[35m22[39m[33m:[39m[36mtrue[39m}) format([32m'woff2'[39m)[33m;[39m
[31m[1m>[22m[39m[90m 152 |[39m   unicode[33m-[39mrange[33m:[39m [33mU[39m[33m+[39m[35m0100[39m[33m-[39m[35m02[39m[33mBA[39m[33m,[39m [33mU[39m[33m+[39m[35m02[39m[33mBD[39m[33m-[39m[35m02[39m[33mC5[39m[33m,[39m [33mU[39m[33m+[39m[35m02[39m[33mC7[39m[33m-[39m[35m02[39m[33mCC[39m[33m,[39m [33mU[39m[33m+[39m[35m02[39m[33mCE[39m[33m-[39m[35m02[39m[33mD7[39m[33m,[39m [33mU[39m[33m+[39m[35m02[39m[33mDD[39m[33m-[39m[35m02[39m[33mFF[39m[33m,[39m [33mU[39m[33m+[39m[35m0304[39m[33m,[39m [33mU[39m[33m+[39m[35m0308[39m[33m,[39m [33mU[39m[33m+[39m[35m0329[39m[33m,[39m [33mU[39m[33m+[39m[35m1[39m[33mD00[39m[33m-[39m[35m1[39m[33mDBF[39m[33m,[39m [33mU[39m[33m+[39m[35m1E00[39m[33m-[39m[35m1E9[39m[33mF[39m[33m,[39m [33mU[39m[33m+[39m[35m1[39m[33mEF2[39m[33m-[39m[35m1[39m[33mEFF[39m[33m,[39m [33mU[39m[33m+[39m[35m2020[39m[33m,[39m [33mU[39m[33m+[39m[35m20[39m[33mA0[39m[33m-[39m[35m20[39m[33mAB[39m[33m,[39m [33mU[39m[33m+[39m[35m20[39m[33mAD[39m[33m-[39m[35m20[39m[33mC0[39m[33m,[39m [33mU[39m[33m+[39m[35m2113[39m[33m,[39m [33mU[39m[33m+[39m[35m2[39m[33mC60[39m[33m-[39m[35m2[39m[33mC7F[39m[33m,[39m [33mU[39m[33m+[39m[33mA720[39m[33m-[39m[33mA7FF[39m[33m;[39m
 [90m     |[39m         [31m[1m^[22m[39m
 [90m 153 |[39m }
 [90m 154 |[39m [90m/* latin */[39m
 [90m 155 |[39m [33m@[39mfont[33m-[39mface {[0m

next/font/google queries have exactly one entry

Debug info:
- Execution of *AssetContext::process_resolve_result failed
- Execution of resolve failed
- Execution of resolve_internal failed
- Execution of <NextFontGoogleFontFileReplacer as ImportMappingReplacement>::result failed
- next/font/google queries have exactly one entry
Error while looking up import map: next/font/google queries have exactly one entry

Debug info:
- Execution of <NextFontGoogleFontFileReplacer as ImportMappingReplacement>::result failed
- next/font/google queries have exactly one entry


Import trace:
  Server Component:
    [next]/internal/font/google/jetbrains_mono_a08f4eab.module.css
    [next]/internal/font/google/jetbrains_mono_a08f4eab.js
    ./src/app/coach/membership/layout.tsx

https://nextjs.org/docs/messages/module-not-found


[next]/internal/font/google/jetbrains_mono_a08f4eab.module.css:161:9
Module not found: Can't resolve '@vercel/turbopack-next/internal/font/google/font'
[0m [90m 159 |[39m   font[33m-[39mdisplay[33m:[39m swap[33m;[39m
 [90m 160 |[39m   src[33m:[39m url([33m@[39mvercel[33m/[39mturbopack[33m-[39mnext[33m/[39minternal[33m/[39mfont[33m/[39mgoogle[35m/font?{%22url%22:%22https:/[39m[33m/[39mfonts[33m.[39mgstatic[33m.[39mcom[33m/[39ml[33m/[39mfont[33m%[39m[35m3[39m[33mFkit[39m[33m=[39mtDbv2o[33m-[39mflEEny0FZhsfKu5WU4zr3E_BX0PnT8RD8yKwBNntkaToggR7BYUjKPxDcwgknk[33m-[39m[35m4[39m[33m&[39mskey[33m=[39m[35m48[39mad01c60053c2ae[33m&[39mv[33m=[39mv24[33m%[39m[35m22[39m[33m,[39m[33m%[39m[35m22[39mpreload[33m%[39m[35m22[39m[33m:[39m[36mtrue[39m[33m,[39m[33m%[39m[35m22[39mhas_size_adjust[33m%[39m[35m22[39m[33m:[39m[36mtrue[39m}) format([32m'woff2'[39m)[33m;[39m
[31m[1m>[22m[39m[90m 161 |[39m   unicode[33m-[39mrange[33m:[39m [33mU[39m[33m+[39m[35m0000[39m[33m-[39m[35m00[39m[33mFF[39m[33m,[39m [33mU[39m[33m+[39m[35m0131[39m[33m,[39m [33mU[39m[33m+[39m[35m0152[39m[33m-[39m[35m0153[39m[33m,[39m [33mU[39m[33m+[39m[35m02[39m[33mBB[39m[33m-[39m[35m02[39m[33mBC[39m[33m,[39m [33mU[39m[33m+[39m[35m02[39m[33mC6[39m[33m,[39m [33mU[39m[33m+[39m[35m02[39m[33mDA[39m[33m,[39m [33mU[39m[33m+[39m[35m02[39m[33mDC[39m[33m,[39m [33mU[39m[33m+[39m[35m0304[39m[33m,[39m [33mU[39m[33m+[39m[35m0308[39m[33m,[39m [33mU[39m[33m+[39m[35m0329[39m[33m,[39m [33mU[39m[33m+[39m[35m2000[39m[33m-[39m[35m206[39m[33mF[39m[33m,[39m [33mU[39m[33m+[39m[35m20[39m[33mAC[39m[33m,[39m [33mU[39m[33m+[39m[35m2122[39m[33m,[39m [33mU[39m[33m+[39m[35m2191[39m[33m,[39m [33mU[39m[33m+[39m[35m2193[39m[33m,[39m [33mU[39m[33m+[39m[35m2212[39m[33m,[39m [33mU[39m[33m+[39m[35m2215[39m[33m,[39m [33mU[39m[33m+[39m[33mFEFF[39m[33m,[39m [33mU[39m[33m+[39m[33mFFFD[39m[33m;[39m
 [90m     |[39m         [31m[1m^[22m[39m
 [90m 162 |[39m }
 [90m 163 |[39m [33m@[39mfont[33m-[39mface {
 [90m 164 |[39m     font[33m-[39mfamily[33m:[39m [32m'JetBrains Mono Fallback'[39m[33m;[39m[0m

next/font/google queries have exactly one entry

Debug info:
- Execution of *AssetContext::process_resolve_result failed
- Execution of resolve failed
- Execution of resolve_internal failed
- Execution of <NextFontGoogleFontFileReplacer as ImportMappingReplacement>::result failed
- next/font/google queries have exactly one entry
Error while looking up import map: next/font/google queries have exactly one entry

Debug info:
- Execution of <NextFontGoogleFontFileReplacer as ImportMappingReplacement>::result failed
- next/font/google queries have exactly one entry


Import trace:
  Server Component:
    [next]/internal/font/google/jetbrains_mono_a08f4eab.module.css
    [next]/internal/font/google/jetbrains_mono_a08f4eab.js
    ./src/app/coach/membership/layout.tsx

https://nextjs.org/docs/messages/module-not-found


    at <unknown> ([next]/internal/font/google/jetbrains_mono_a08f4eab.module.css:8:9)
    at <unknown> (https://nextjs.org/docs/messages/module-not-found)
    at <unknown> ([next]/internal/font/google/jetbrains_mono_a08f4eab.module.css:17:9)
    at <unknown> (https://nextjs.org/docs/messages/module-not-found)
    at <unknown> ([next]/internal/font/google/jetbrains_mono_a08f4eab.module.css:26:9)
    at <unknown> (https://nextjs.org/docs/messages/module-not-found)
    at <unknown> ([next]/internal/font/google/jetbrains_mono_a08f4eab.module.css:35:9)
    at <unknown> (https://nextjs.org/docs/messages/module-not-found)
    at <unknown> ([next]/internal/font/google/jetbrains_mono_a08f4eab.module.css:44:9)
    at <unknown> (https://nextjs.org/docs/messages/module-not-found)
    at <unknown> ([next]/internal/font/google/jetbrains_mono_a08f4eab.module.css:53:9)
    at <unknown> (https://nextjs.org/docs/messages/module-not-found)
    at <unknown> ([next]/internal/font/google/jetbrains_mono_a08f4eab.module.css:62:9)
    at <unknown> (https://nextjs.org/docs/messages/module-not-found)
    at <unknown> ([next]/internal/font/google/jetbrains_mono_a08f4eab.module.css:71:9)
    at <unknown> (https://nextjs.org/docs/messages/module-not-found)
    at <unknown> ([next]/internal/font/google/jetbrains_mono_a08f4eab.module.css:80:9)
    at <unknown> (https://nextjs.org/docs/messages/module-not-found)
    at <unknown> ([next]/internal/font/google/jetbrains_mono_a08f4eab.module.css:89:9)
    at <unknown> (https://nextjs.org/docs/messages/module-not-found)
    at <unknown> ([next]/internal/font/google/jetbrains_mono_a08f4eab.module.css:98:9)
    at <unknown> (https://nextjs.org/docs/messages/module-not-found)
    at <unknown> ([next]/internal/font/google/jetbrains_mono_a08f4eab.module.css:107:9)
    at <unknown> (https://nextjs.org/docs/messages/module-not-found)
    at <unknown> ([next]/internal/font/google/jetbrains_mono_a08f4eab.module.css:116:9)
    at <unknown> (https://nextjs.org/docs/messages/module-not-found)
    at <unknown> ([next]/internal/font/google/jetbrains_mono_a08f4eab.module.css:125:9)
    at <unknown> (https://nextjs.org/docs/messages/module-not-found)
    at <unknown> ([next]/internal/font/google/jetbrains_mono_a08f4eab.module.css:134:9)
    at <unknown> (https://nextjs.org/docs/messages/module-not-found)
    at <unknown> ([next]/internal/font/google/jetbrains_mono_a08f4eab.module.css:143:9)
    at <unknown> (https://nextjs.org/docs/messages/module-not-found)
    at <unknown> ([next]/internal/font/google/jetbrains_mono_a08f4eab.module.css:152:9)
    at <unknown> (https://nextjs.org/docs/messages/module-not-found)
    at <unknown> ([next]/internal/font/google/jetbrains_mono_a08f4eab.module.css:161:9)
    at <unknown> (https://nextjs.org/docs/messages/module-not-found)
