
===== story:bio (27s, 4052 chars)
Pam Woodford has run businesses since she was 17, spent 28 years in the weeds herself, and was ranked the world's number one business coach four years in a row. She now works with MDs of construction and allied trades businesses in Yorkshire who are putting decent turnover through and still wondering where the money went.

- **43 years** Running and building businesses, starting at age 17
- **4 consecutive years** Ranked world's number one business coach: 2015, 2016, 2017 and 2018
- **8 years** Working specifically with MDs in construction and allied trades
- **250+** Licensed business coaches guided as Head of Coach Results and Director of Coaching Excellence

### Proof inventory

| Result | Where | Timeframe | How | Status |
| --- | --- | --- | --- | --- |
| Ranked world's number one business coach four consecutive years | Self-employed global coaching practice | 2015, 2016, 2017 and 2018 | Measured on client results and business growth delivered | Ready |
| Built and ran multiple service and retail businesses | Gym 'n' Tonic and other owner-led businesses | 28 years | Founded and operated from age 17 as company director and entrepreneur | Ready |
| Guided over 250 licensed business coaches to get real results for real clients | Business Coach Academy | 7 years 7 months | As Head of Coach Results and Director of Coaching Excellence | Ready |
| 'Huge amounts of profit in my various companies that Pam and only Pam recognised. Her fees are completely outstripped by the money that you will get back.' | John Davy, business owner (client testimonial) | Ongoing coaching relationship | Identifying profit opportunities across multiple companies through direct coaching sessions | Needs a number |
| 8 years coaching MDs of construction and allied trades businesses in Yorkshire | Profit Coach - Construction and Allied Trades | 8 years 4 months | Working specifically on margin, pricing, team structure and profit levers with owner-led trade businesses | Ready |

### Short bio

I started my first business at 17 and spent 28 years building and running multiple businesses before I coached anyone. I know what it feels like to carry a business on your shoulders when nobody else is going to sort it. For the last 8 years I have worked specifically with MDs of groundworks, civils and allied trades businesses in Yorkshire, helping them find where the margin goes and build a team that stops depending on them for every decision. I was ranked the world's number one business coach four years running. What that means in practice: my clients get results they can point at, not folders they never open.

### One-line introduction

Pam Woodford is a Hull-based business coach who helps MDs of construction and allied trades businesses in Yorkshire keep more of what they earn and stop sorting everything themselves.

### For partners and events

Pam Woodford started her first business at 17 and spent 28 years building and running multiple service and retail businesses before she coached anyone. She has spent the last 8 years working specifically with MDs of groundworks, civils, drainage and allied trades businesses across Yorkshire, helping them find where the margin leaks and build teams that stop depending on the owner for every decision. She was ranked the world's number one business coach four years running, from 2015 to 2018, measured on client results. She is based in Hull, she is plain-spoken, and she has no patience for theory that does not show up in the bank account.

> **Number needed: John Davy result:** The John Davy testimonial is strong but stops short of a usable proof stat. To make it 'Ready', add one or more of the following: the approximate profit figure or percentage improvement Pam identified across his companies, the timeframe of the coaching relationship, and the number of companies involved. Ask John directly, or check session notes for a number he has shared. Even a range ('six figures of profit identified across three businesses in 18 months') turns this from a quote into a proof point.

===== story:onepager (29s, 4047 chars)
Pam Woodford is a Hull-based business coach who has run her own businesses since age 17 and spent the last 8 years working specifically with MDs of construction and allied trades businesses across Yorkshire. She helps owners who are winning decent work but not keeping enough of it find where the margin goes and build a team that stops depending on them for every decision.

- **43 years** Running and building businesses, starting at age 17
- **#1 globally** Ranked world's number one business coach four years running: 2015, 2016, 2017 and 2018
- **8 years** Working specifically with MDs in construction and allied trades

### Who I help

My core client is the MD of a groundworks, civils, drainage or allied trades business in Yorkshire. Typically 12 to 35 staff, £1.5M to £8M in turnover, and a business built over 10 to 20 years of hard graft. From the outside, everything looks fine. Behind the scenes, the margin keeps disappearing between pricing the job and finishing it, every decision still lands on his phone, and the bank account at month-end does not reflect the turnover going through. He is brilliant at the trade. The business just is not paying him back the way it should.

### The problems I fix

- The margin looked alright when I priced it but by the time we finished there was next to nowt in it.
- I'm still doing half my contracts manager's job because it's quicker to sort it myself.
- We're putting through nearly three million quid this year. Where the hell has it gone?
- I know the business isn't quite right. I just don't know which bit to fix first. Or if I've got time to fix anything.

### How I work

1. **The BOSS Scorecard.** Before we have a single conversation, the MD completes the BOSS Profit and Performance Scorecard. It takes three minutes and shows exactly which area is capping the business right now. The work starts on his numbers, not a standard programme.
2. **Weekly sessions to find the quick wins.** The first four to six weeks are weekly. We look at the five profit levers in his business: margin, pricing, team structure, cash flow and pipeline. We find where the money is leaking and fix the most painful thing first. Most owners free up hours in the first few weeks rather than adding to their load.
3. **Twice a month, ongoing.** Once the quick wins are in, we move to two 90-minute sessions a month. Direct access between sessions. Accountability on what was agreed. No worksheets he will not use. The relationship is built to last as long as the business does.

### Results

- John Davy, business owner: 'I believe that Pam is the best coach I have ever, ever had. Specifically I can point to huge amounts of profit in my various companies that Pam and only Pam recognised. Her fees are completely outstripped by the money that you will get back.'
- Guided over 250 licensed business coaches as Head of Coach Results and Director of Coaching Excellence at Business Coach Academy, measured on the results they delivered for clients.
- Ranked world's number one business coach four consecutive years, 2015 to 2018, measured on client results and business growth delivered.

### Working together

The best introduction is an MD of a construction or allied trades business in Yorkshire who is winning decent work but wondering where the money goes. Accountants, solicitors, plant hire companies, main contractors and trade associations are the people most likely to know him. He is not looking for a coach. He is looking for someone who understands the trade, will sit down with his numbers, and will help him keep more of what he earns without another year of the same graft. If a client of yours is carrying the whole business on their shoulders and the business is not paying them back the way it should, it is worth a conversation. Introducing them costs nothing. Finding the margin they are leaving behind often changes everything.

- **LinkedIn:** linkedin.com/in/theprofitcoach
- **Website:** theprofitcoach.com/pam
- **Email:** pam@theprofitcoach.com
- **Location:** Hull, Yorkshire

===== linkedin:rewrite (60s, 8685 chars)
This rewrite shifts Pam's profile from a general coaching pitch to a targeted, proof-led page that speaks directly to the MD who is winning decent work and still staring at the bank account wondering where the money went.

### Headline

**Headline option 1**

```text
Helping Yorkshire MDs of groundworks and civils businesses keep more of what they earn | 43 years in business | Ranked world's no.1 business coach 4 years running
```

_Formula: Authority + specificity. Leads with the credibility markers that answer Steve's biggest objection ('you've never run a real business'). Recommended as the primary option because it earns trust before it makes a claim._

**Headline option 2**

```text
More margin from the jobs you're already winning, without another year of graft that doesn't show up in the bank | Construction and allied trades | Yorkshire
```

_Formula: Outcome + constraint removed. Leads with the result Steve actually wants and names the thing he is tired of. Strong for search and for buyers who are already half-decided._

**Headline option 3**

```text
Is your turnover there but your bank account isn't? I help Yorkshire MDs in groundworks and civils find where the margin goes - and fix it.
```

_Formula: Pain-point lead. Opens with the exact question Steve asks himself at 11pm. Works well when profile visitors arrive from outreach messages that name the same pain. Use this if Pam is running active LinkedIn outreach campaigns._

### About

**About section**

```text
You've built a decent business. The turnover's there. But if you're honest, there's not enough to show for the effort you're putting in.

You know the margin is leaking somewhere between pricing the job and finishing it. You just can't pin down where. And you're still sorting things you shouldn't be sorting, because it's quicker than waiting for someone else to do it.

That is not a character flaw. It is a structural problem. And it has a fix.

WHAT MOST MDs IN THE TRADE ACTUALLY WANT

Jobs that land the margin they priced.
A team that owns its patch and stops bringing every problem to your phone.
Time to price properly and build a pipeline, instead of sorting plant breakdowns.
A proper weekend. A holiday where nothing falls apart.

WHO THIS IS FOR

MDs of groundworks, civils, drainage and allied trades businesses in Yorkshire, typically turning over £1.5M to £8M, who are winning decent work but not keeping enough of it.

- You're great at the trade but stuck in the weeds of the business
- Turnover looks fine but the bank account tells a different story
- Your team is capable but you're still doing too much yourself because it's quicker
- You know something's not right, you just don't know which bit to fix first

HOW I WORK

I start with the BOSS Profit and Performance Scorecard, a free three-minute assessment that shows exactly which area is capping your profit right now. Then we look at your actual numbers: your jobs, your margin, your team, your cash. Not a generic programme. Your business.

From there we work on the five levers that move profit: where your leads come from, how you convert them, the value of each job, how much repeat work you win, and what you actually keep at the end of it. A 10 percent gain on each compounds to around 61 percent more revenue. Most owners find two or three they can move quickly, without adding to the workload.

ACCOUNTABILITY THAT STICKS

I follow up. I hold you to it. I keep the focus on your numbers until something actually shifts, not until the programme ends.

A BIT OF PROOF

'I can point to huge amounts of profit in my various companies that Pam and only Pam recognised. Her fees are completely outstripped by the money that you will get back.' John Davy, business owner.

I started my first business at 17. I spent 28 years building and running multiple service and retail businesses before I coached anyone. For the last 8 years I have worked specifically with MDs in construction and allied trades across Yorkshire. I was ranked the world's number one business coach four years running, 2015 to 2018, measured on client results.

If your turnover is there but your bank account isn't, take the BOSS Scorecard. It takes three minutes and shows you exactly where to start.

Visit theprofitcoach.com/pam or message me directly.
```

_1,847 characters. Hook lands in the first two lines before 'see more'. Written in Pam's voice: plain, warm, Yorkshire. No coaching language. The five levers are named without jargon. Call to action leads to the BOSS Scorecard._

### Core skills

| Skill | What it means for the owner |
| --- | --- |
| Profit margin and job costing | Finding where the margin leaks between pricing the job and finishing it, and closing the gap so the bank account reflects the turnover going through. |
| Team structure and accountability | Building the team around you so decisions stop landing on your phone and your contracts manager actually does the job you hired them to do. |
| Cash flow and business performance | Getting a clear picture of what is coming in and when, so month-end is not a surprise and you are not waiting on two main contractors paying late at the same time. |
| Business development and pipeline | Freeing up the time and structure to price properly, win the right work at the right margin, and stop taking whatever comes in because you were too stretched to plan ahead. |

### Key milestones

- Started her first business at 17 and spent 28 years founding and running multiple service and retail businesses as company director and entrepreneur.
- Ranked the world's number one business coach four consecutive years: 2015, 2016, 2017 and 2018, measured on client results and business growth delivered.
- 8 years working specifically with MDs of construction and allied trades businesses in Yorkshire, focusing on margin, team structure and the five profit levers.
- Guided and supported over 250 licensed business coaches as Head of Coach Results and Director of Coaching Excellence at Business Coach Academy.

### Banner

**Banner line**

```text
Helping Yorkshire MDs keep more of what they earn | Ranked world's no.1 business coach 4 years running | theprofitcoach.com/pam
```

_One line. Proof point visible without clicking anything. URL drives to the BOSS Scorecard landing page. Pair with a clean background, Pam's name in large type, and the BOSS Scorecard logo if available._

### Featured

- The BOSS Profit and Performance Scorecard at theprofitcoach.com/pam - pin this first. It is the primary call to action and gives Steve something useful before he commits to a conversation.
- The John Davy testimonial as a LinkedIn post or graphic. Quote it in full. It is the strongest proof point on the profile and the one most likely to move a sceptical MD.
- A short LinkedIn post or article written in Pam's voice on one of the five pain points: where the margin goes between pricing and finishing a job. Specific to the trade. No theory. Use it to show Steve she understands his world before he has spoken to her.

### Checklist

1. **Headshot.** Use a recent photo where Pam is smiling and the background is clean. No logos, no busy backgrounds. Buyers decide in a second whether they trust the face. If the current photo is more than two years old, replace it.
2. **Custom URL.** Set to linkedin.com/in/theprofitcoach or a close variant if that is already live. A clean URL looks deliberate and is easier to share in outreach and on printed materials.
3. **Company page.** Link the Profit Coach company page to the current role so it appears with a logo next to the job title. Check that the Pamela Woodford - PROFIT Coach and Business Coach Academy entries also show company pages where available.
4. **Contact info.** Open contact info to second-degree connections at minimum. Add pam@theprofitcoach.com and theprofitcoach.com/pam so anyone who lands on the profile can reach her or take the scorecard without sending a connection request first.
5. **Job titles.** Enter each role using LinkedIn's dropdown where possible so the titles are searchable. The current role should read 'Business Coach - Construction and Allied Trades' or 'The P.R.O.F.I.T. Coach' depending on which drives more relevant search traffic. Check that at least one role includes 'business coach' for discoverability.

> **Discreet version available:** This profile is written for public visibility, where Pam can be clearly identified as a business coach. If at any point a discreet version is needed - for example during a transition period or where a non-compete applies - a version positioning Pam as an operator and adviser, without the word 'coach', is available on request.

===== campaigns:messaging (71s, 10385 chars)
Every message in this campaign is built on one truth: Steve is putting decent turnover through and still staring at a bank account that does not reflect it. Pam's proof, her 43 years in business and 8 years in the trade, earns the right to say that out loud.

- **Core client:** MDs of groundworks, civils, drainage and allied trades businesses in Yorkshire, £1.5M to £8M turnover, 12 to 35 staff
- **Main desire:** Find out where the margin keeps going and stop sorting everything themselves
- **Proof used:** 43 years running businesses, 8 years working specifically with MDs in construction and allied trades, ranked world's number one business coach four consecutive years (2015 to 2018), John Davy testimonial (number still needed)
- **Proof type:** Career proof (primary). Client proof (supporting, number pending)

### Campaign A: Connector

**Connection request**

```text
Hi {first_name}, I see you run a Yorkshire groundworks or civils business. Are you looking to find out where the margin goes and actually keep more of what you earn? I ask because in 8 years working with MDs in the trade I've used a simple system to find the profit leak and fix it. Is this of interest?
```

_Send with the connection request. 272 characters. Under the 275-character limit._

**Message 1**

```text
Hi {first_name}, thanks for connecting.

In 8 years working specifically with MDs of groundworks, civils and allied trades businesses in Yorkshire, I have seen the same pattern over and over.

Decent turnover. Decent order book. But the margin that looked fine when the job was priced has gone somewhere between start and finish, and nobody can quite put their finger on where.

They are sorting plant breakdowns and chasing late payments from main contractors instead of pricing the next six months of work. Every decision still lands on their phone. The contracts manager is a good lad but the MD is still doing half his job because it is quicker.

Busy. Grafting. But not enough to show for it.

That is the problem the PROFIT System removes. I have spent 43 years in business, the last 8 working specifically in the trade, and I was ranked the world's number one business coach four years running, measured on client results, not on how many people signed up.

And I believe with the right system in place, your business can do the same.

Are you looking to find out where the margin is going and actually keep more of what you earn? Would you be interested in learning more?
```

_Send 30 minutes after connecting._

**Message 2**

```text
Hi {first_name}, just checking this landed with you. No pressure at all. If the timing is off, that is fine. Worth a quick reply either way so I know where you are.
```

_Send 1 day after Message 1._

**Message 3**

```text
Hi {first_name}, I know you are probably getting messages from coaches every other week. Most of them will not have spent 43 years running real businesses or 8 years working specifically with MDs in groundworks and civils.

I am not going to promise a transformation or send you a worksheet. I am going to look at your numbers and find out which bit of the business is capping the profit, then we sort that first.

It never hurts to have a conversation. Even if it tells us both the timing is wrong.
```

_Send 2 days after Message 2._

**Message 4**

```text
Hi {first_name}, would you be open to a 20-minute call? No agenda other than a straight look at where the profit is going in your business. If there is nothing in it for you, I will tell you that on the call. If there is, we can talk about what it looks like to fix it.
```

_Send 4 days after Message 3._

**Message 5**

```text
Hi {first_name}, last one from me. If finding out where the margin goes and getting some of your time back is on your list this year, I am happy to have a quick chat whenever it suits. If the timing is genuinely not right, no hard feelings. I work with a small number of MDs in the trade and I am selective about who I take on. If that changes, feel free to come back to me.
```

_Send 2 weeks after Message 4._

### Open InMail

**Open InMail**

```text
Hi {first_name},

I work specifically with MDs of groundworks, civils, drainage and allied trades businesses across Yorkshire. A few things I see coming up again and again with businesses at your level:

1️⃣ The margin looked fine when the job was priced. By the time it finished, there was next to nowt in it.
2️⃣ Turnover is solid but the bank account at month-end tells a different story.
3️⃣ The contracts manager is a good lad but the MD is still doing half the job.

I have spent 43 years running businesses myself and the last 8 years working specifically with MDs in the trade. In that time I have seen exactly where the profit leaks and how to fix it, whether that is the pricing, the team structure, the cash flow or all three.

I have combined that with a proven method to create The Construction PROFIT System, which works on the five levers that actually move profit in a trade business: the jobs you win, the margin you keep, the team that runs it, the cash that flows, and the time you get back.

The problem most MDs in construction face is this: the business is too dependent on them for every decision, the margin is leaking somewhere they cannot pin down, and they are too busy sorting today's problems to stop and fix tomorrow's structure.

Most reach a point where the turnover is there but the reward is not. That crossroads is usually what starts the conversation.

I was ranked the world's number one business coach four consecutive years, from 2015 to 2018, measured on client results. One client told me: 'Her fees are completely outstripped by the money that you will get back.'

Interested in a straight conversation about where the profit is going in your business?
```

_Use for first-degree connections who have not responded, or for targeted outreach to MDs in construction where a connection request is not the right first step._

### Campaign B: Conversation into the BOSS Scorecard

**After connecting**

```text
Hi {first_name}, great to connect. Quick question, are you focused on growing the business right now, or more on protecting what you have already built?
```

_Send within the hour of connecting. Keep it short. One question only. Wait for the reply before sending anything else._

**Insight**

```text
That makes sense. Most MDs I speak to in the trade are somewhere in between, pushing for more turnover while trying to hold the margin together at the same time.

Here is what I find: every business has a weakest link, one thing that is quietly capping the profit more than anything else. Could be the pricing, the team, the cash flow, the way work comes in. Most owners have a hunch about which one it is. Most of the time the hunch is wrong, or it is a symptom of something else sitting underneath it.

The businesses that move fastest are the ones that find the actual root cause first, rather than fixing the thing that is making the most noise.
```

_Send once they have replied. Match their tone. If they are brief, be brief._

**Scorecard offer**

```text
There is a three-minute scorecard I use with MDs in construction and allied trades. It is called the BOSS Scorecard and it gives you a score out of 100 across the five areas that drive profit in a trade business: leads, conversion, job value, repeat work and margin. It does not give you a generic report. It shows you which area is capping your profit right now, so you know which bit to fix first rather than guessing.

Most MDs find it useful even if they never speak to me. It takes three minutes and it is free.
```

_Send once the insight message has landed and the conversation is moving. Do not rush to this step._

**Leave the link**

```text
Here is the link when you are ready: {assessment_url}

No sign-up process, no sales call at the end unless you want one. Just a straight score on where your business is right now. If it throws up anything worth talking through, I am happy to have a look at it with you.
```

_Send as a standalone message. No additional pitch. Let the scorecard do the work._

### Check before launch

| Check | Pass |
| --- | --- |
| 1. Under 275 characters | Yes. Connection request is 272 characters. |
| 2. Opens with Hi {first_name}, | Yes. All messages open with Hi {first_name}. |
| 3. Specific callout: I see you run a UK construction business | Yes. 'I see you run a Yorkshire groundworks or civils business.' |
| 4. Hook as a question: Are you looking to... | Yes. 'Are you looking to find out where the margin goes and actually keep more of what you earn?' |
| 5. I ask because | Yes. 'I ask because in 8 years working with MDs in the trade I've used a simple system...' |
| 6. A simple system | Yes. 'I've used a simple system to find the profit leak and fix it.' |
| 7. Specific proof with numbers and a timeframe | Fix. Career proof is present (8 years, 43 years, four consecutive world number one rankings) but no client result with a specific number. John Davy testimonial is used in the InMail but lacks a profit figure. See warning below. |
| 8. The mechanism tied to the hook | Yes. Finding the profit leak is tied directly to finding where the margin goes. |
| 9. Owner's language used throughout | Yes. Margin, jobs, the trade, lads, contracts manager, main contractors, pricing, turnover, nowt, graft. |
| 10. Interest CTA: Is this of interest? | Yes. Connection request closes with 'Is this of interest?' |

> **Campaign cannot launch at full strength until this number exists:** The John Davy testimonial is the strongest proof asset in the record: 'Her fees are completely outstripped by the money that you will get back.' It is used in the InMail and Message 1. But it carries no specific number, no profit figure, no timeframe, and no company count. Check 7 above flags this as a fix. To make the campaign as strong as it can be, add at least one of the following before launch: the approximate profit identified across John's companies (a range is fine, e.g. 'six figures across three businesses'), the timeframe of the coaching relationship, or the number of companies involved. Ask John directly or check session notes. Once that number exists, update Message 1 and the InMail to lead with it. Career proof alone is enough to run a test sequence, but client proof with a number will outperform it.

===== conversations:followup (70s, 9646 chars)
Most replies from Steve will not be a yes or a no. They will be a question, a deflection, or a one-liner. Each one is an opening.

### When they reply

**They say: Yes, interested**

```text
Good to hear, {first_name}. Quick question before I say anything else: is the main thing on your mind the margin disappearing between pricing and finishing, the team still depending on you for everything, or something else? I want to make sure I'm pointing you at the right thing first.
```

_Do not pitch. Ask one question. Find out where the pain sits before you move to next steps._

**They say: What is it exactly?**

```text
Plain and simple: I look at your numbers and find out which part of the business is capping the profit. Then we sort that bit first. No generic programme, no folder full of worksheets. We work on your jobs, your margin, your team. Most MDs I work with find the first few weeks free up hours rather than adding to the load. Are you happy for me to send you a three-minute scorecard that shows you where the leak is before we speak?
```

_Point to the BOSS Scorecard. Let it do the qualifying work._

**They say: How much is it?**

```text
Fair question, {first_name}. MDs I work with invest anywhere from under a thousand pounds a month up to fifty thousand pounds a year depending on what we are working on together. Most start at the lower end while we find the quick wins, and it builds from there. What most of them tell me is that the first leaks we find more than cover the cost. Worth a twenty-minute call to see if there is even anything in it for you before we talk numbers properly. I am free Tuesday or Thursday this week if either works.
```

_Use the anchor script. Name two days. Do not send a price list._

**They say: Not right now**

```text
No problem at all, {first_name}. Timing matters. Can I ask what right now looks like for you? If it is genuinely just a busy patch, I am happy to check back in. If there is something specific that would need to shift first, it helps me know whether it is worth keeping in touch.
```

_One question. Do not push. This reply opens the nurture sequence._

**They say: We are doing fine**

```text
Good to hear. Most MDs I speak to who are doing fine still find one or two leaks when they look properly. Sometimes it is margin, sometimes it is cash flow, sometimes it is just time. There is a three-minute scorecard that gives you a score out of 100 across the five areas that drive profit in a trade business. Worth doing just to confirm where you are. No strings. Want me to send the link?
```

_Do not argue with fine. Offer the scorecard as a check, not a challenge._

**They say: Who are you?**

```text
I am Pam Woodford. I started my first business at 17, spent 28 years building and running businesses myself, and for the last 8 years I have worked specifically with MDs of groundworks, civils and allied trades businesses in Yorkshire. I was ranked the world's number one business coach four years running, from 2015 to 2018, measured on client results. One of my clients put it better than I would: 'Her fees are completely outstripped by the money that you will get back.' I am based in Hull. I have no patience for theory that does not show up in the bank account. Does that help?
```

_Keep it tight. Career proof first, client proof second. Let them ask the next question._

**They say: [neutral one-liner, e.g. OK or Thanks]**

```text
Appreciate the reply, {first_name}. Can I ask one thing? Is finding out where the margin is going something that is on your radar this year, or is it further down the list right now?
```

_Neutral is not a no. One question reopens the conversation without pressure._

**They say: Send me some info**

```text
Will do. Rather than send you a brochure that tells you nothing useful, let me send you something that actually does a job. It is a three-minute scorecard called the BOSS Scorecard. It gives you a score out of 100 across the five areas that drive profit in a trade business and shows you which one is capping you right now. That will tell us both more than any PDF I could send. Here is the link: {assessment_url}. If anything comes up that is worth a look, I am happy to go through it with you on a quick call.
```

_Do not send a brochure. Send the scorecard. Follow up in two days if no response._

### Avoid

- Pitching the programme before you know what their problem is.
- Sending a wall of text when they gave you four words.
- Treating a neutral reply as a no and going quiet.
- Asking two questions in one message.
- Sending a price list when they ask about cost.
- Talking about the system before you have talked about them.
- Following up the same day twice.
- Making them feel stupid for not knowing which bit to fix.
- Using coaching language: journey, empower, unlock, transform.
- Overselling on a warm reply. Curiosity closes more than enthusiasm does.

### VIP nurture: top 100

> **Who goes on the top 100 list:** MDs of groundworks, civils, drainage or allied trades businesses in Yorkshire with a visible turnover of £1.5M or above who have connected, replied to a message, or engaged with a post in the last 90 days. Warm beats cold. Someone who said 'not right now' is closer to a yes than someone who has never heard of you. Send a personalised message every two weeks. Each one gives away something useful. Never sell on these messages.

**VIP nurture 1: Profit Maximiser**

```text
{personalisation}

I put this table together for MDs in the trade because it shows something most accountants never spell out clearly.

At a 10% net margin, if you cut your running costs by 11%, you double your profit. Not grow it. Double it.

The Profit Maximiser shows you exactly how that works across different margin levels, so you can see what a small reduction in the right costs actually does to the bottom line.

1️⃣ Takes ten minutes to fill in with your own numbers.
2️⃣ Shows you which costs are worth attacking first at your margin level.
3️⃣ Gives you a clear target before you pick up the phone to a supplier.

Here is the link: [link]

If it throws up a number worth talking through, I am happy to take a look with you. No agenda.

Pam
```

_Send as the first VIP nurture message. Follow up three days later with the five-step expense review: Does this cost help me get or keep customers? If not, it is a candidate for the list._

**VIP nurture 2: Cashflow Forecaster**

```text
{personalisation}

There is a saying I use with MDs in the trade: turnover is vanity, profit is sanity, cash is king.

Most groundworks businesses I work with have decent turnover on paper. The problem is the gap between finishing a job and getting paid for it. Two main contractors paying 60 days late in the same month can tip a £3M business into a genuinely uncomfortable position.

The Cashflow Forecaster gives you a clear view of what is coming in and when, so you are not guessing at month-end.

1️⃣ Shows you the gap between invoiced and collected, week by week.
2️⃣ Flags the months where cash gets tight before they arrive.
3️⃣ Takes one session to set up and saves a lot of late-night stress.

Here is the link: [link]

If the numbers look uncomfortable when you run it, that is useful information. Happy to go through it with you.

Pam
```

_Send as the second VIP nurture message, roughly two weeks after the Profit Maximiser. Follow up a few days later with the Cashflow Maximiser: five methods and more than 25 tactics for improving cash flow in a trade business._

**VIP nurture 3: Time Value Tracker**

```text
{personalisation}

Most MDs I speak to in groundworks and civils are doing ten different jobs at once. The problem is not that they are lazy. It is that a lot of what fills their day is not worth their time at the rate they should be earning.

The Time Value Tracker splits the working week into three categories: the £10-an-hour jobs, the £100-an-hour jobs, and the £1,000-an-hour jobs. Most MDs find they are spending the bulk of their week in the first two.

1️⃣ Shows you exactly where your hours are going across a working week.
2️⃣ Identifies which tasks should be with someone else on the team.
3️⃣ Frees up the time you need to price properly and build a pipeline instead of sorting plant breakdowns.

Here is the link: [link]

A lot of the MDs I work with find this one uncomfortable to fill in. That is usually the point.

Pam
```

_Send as the third VIP nurture message, roughly two weeks after the Cashflow Forecaster. This one lands well with Steve-type avatars who know they are stuck in the weeds but have not quantified how much it costs them._

### Nurture rhythm

- **Week 2:** Send the Profit Maximiser. First VIP nurture message. Give away the tool. No pitch. Follow up three days later with the five-step expense review question: does this cost help me get or keep customers?
- **Week 5:** Send the Cashflow Forecaster. Second VIP nurture message. Keep the personalisation specific to something current, a wet quarter, a sector squeeze, late payment news in the trade. Follow up a few days later with the Cashflow Maximiser.
- **Week 8:** Send the Time Value Tracker. Third VIP nurture message. This one tends to land when Steve is visibly busy. If he has posted on LinkedIn about a difficult week or a big scheme, reference it in the personalisation line.
- **Day 90:** Check-in call or message. One short message. Reference something specific: a post he made, a project you noticed, or the tool you sent. Ask one question. Is now a better time for a quick call, or is the timing still off? If still no, move to a monthly post share and revisit at six months.

===== sales:value (78s, 11659 chars)
The Quick Wins Profit Maximiser is Pam's free 30-minute session for MDs of groundworks and allied trades businesses. Steve walks away knowing exactly where the margin is leaking, which lever to pull first, and what fixing it is worth.

- **Name:** The Quick Wins Profit Maximiser
- **Length:** 30 minutes
- **Who it is for:** MDs of groundworks, civils, drainage and allied trades businesses in Yorkshire, turning over £1.5M to £8M, winning decent work but not keeping enough of it
- **What they get:** A plain look at where the margin is going, which of the five profit levers is capping the business right now, and two or three things they can act on straight away
- **The promise:** No fluff. No pitch. No folder full of worksheets. Just a straight conversation about your numbers and where to start.

### The questions

| Area | Question | Red looks like | Green looks like |
| --- | --- | --- | --- |
| Margin visibility | When you finish a job, can you tell me within a week what margin you actually made against what you priced? | He finds out at year-end, or not at all. Month-end numbers come from the accountant weeks later. | He reviews job margin within a week of completion and can spot the variance before the next job starts. |
| Pricing and pipeline | How far ahead is your tender pipeline right now, and do you have protected time each week to price work properly? | Pricing happens between site visits, in the van, in his head. There is no pipeline visible beyond the next two or three jobs. | He has a rolling six-month pipeline and a fixed half-day each week blocked out for estimating and business development. |
| Cash flow | At the end of a busy month, does the bank account reflect the turnover you are putting through? | Turnover looks fine but cash is tight. He is waiting on retentions, chasing main contractors past 60 days, and worrying about making payroll. | Cash flow is predictable. He knows what is coming in and when. Retentions are tracked and chased systematically. |
| Variation control | When variations come up on a job, are they written down and agreed before the work is done? | Variations are agreed verbally on site and half of them never get invoiced. The margin was there at pricing. It disappeared somewhere in the middle. | Every variation is recorded, agreed in writing with the main contractor and invoiced as a matter of course. |
| Team structure | When something goes wrong on site, who is the first person that gets the call? | His phone. Always. Even when his contracts manager is on site. He ends up sorting it himself because it is quicker. | His contracts manager or foreman handles it and brings him a solution, not a problem. He finds out after it is sorted. |
| Delegation | Is there anything running in the business right now that could only stop if you personally sorted it? | Yes, and he can name three or four things without pausing. The business is held together by him being in it all day every day. | He can take a week away and trust the business to keep moving. His team knows what to do and who decides what. |
| Profit awareness | Do you know which jobs or which clients are making you the most money, and which are costing you? | He has a gut feeling but no numbers to back it up. He takes whatever work he can win without knowing which is worth winning. | He can name his best and worst margin jobs by type and client. He uses that to price and choose work more deliberately. |
| Owner's return | If you worked out what the business actually pays you per hour for the risk and graft you carry, what would that number be? | He has never done the maths. Or he has, and the number was not what it should be for 15 years of graft and the personal exposure he carries. | He knows the number, it reflects the risk, and he is comfortable with it. The business pays him back properly for what he puts in. |
| Business dependency | If you stepped away from the business for a month, what would break? | Most things. Pricing, client relationships, cash decisions, site problems. The business cannot run without him in the middle of it. | The day-to-day keeps moving. Pricing and client relationships need him, but the rest has people around it who know what they are doing. |

### Your opening questions

1. Right now, what is the biggest thing stopping the business from being where it should be? Whether that's margin, the team, cash, or just the fact that everything still lands on you - what's the one that keeps you up at three in the morning?
2. If we sat down together this time next year and you said, 'Pam, we've cracked it' - what would need to have changed? More margin in the bank? The lads sorting their own problems? Proper weekends? Tell me what 'cracked it' actually looks like for you.
3. Beyond the numbers, why does sorting this matter to you right now? What does it actually cost you when it stays as it is - at home, not just in the business?
4. What have you already tried? Whether that's bringing in a contracts manager, going to a seminar, or putting your prices up - what's happened so far, and what got in the way of it sticking?

### The magic question

**The magic question**

```text
Based on what you've told me, I can see exactly where the margin is going and I've got a couple of ideas that could make a real difference to you quickly. Would you like me to share them?
```

_Wait for the yes. Do not move on until you have it. Then go into the bridge below._

**Bridge into the offer**

```text
Right. Based on what you've told me - that the margin looks fine when you price the job but there's next to nowt left by the time you finish it, that your contracts manager is a good lad but you're still doing half his job, and that you're missing the things at home that matter - here is how I work with MDs in exactly your situation.

First, we find out where the margin is actually going. Not a guess, not a feeling. We look at your numbers, your jobs, your pricing, and we find the leak. Most owners find something fixable in the first two or three weeks.

Second, we sort the team structure so the decisions that are landing on your phone stop landing there. That is not about hiring more people. It is about being clear on who owns what and holding them to it. Your contracts manager can take the pressure off - but only if the structure around him is right.

Third, we free up your time for the work that actually moves the business forward - pricing the next six months, building the right relationships with main contractors, choosing the jobs worth winning. Right now that time is being spent sorting plant breakdowns. That needs to change.

I've spent 43 years in business and the last 8 working specifically with MDs of groundworks and allied trades businesses in Yorkshire. I'm not coming in with theory. I know what a wrongly priced job looks like on the numbers, I know what retentions and 90-day payment terms do to cash flow, and I know what it costs to carry a business like this on your own shoulders for 15 years.

Does that sound like the kind of support that would make a real difference for you?
```

_Slow down through the three steps. Pause after each one and check it landed. The personal driver (home, family, the lad's football) should be reflected back in your own words, not quoted back word for word. Add John Davy's proof point here once a specific number is available - see the note in the proof summary._

### The launch kit

**Launch email**

```text
Subject: Where's the margin going? (free 30 mins for Yorkshire MDs)

Hi {first_name},

You're putting decent turnover through. The bank account doesn't always show it.

You know the margin is leaking somewhere between pricing the job and finishing it. You just can't pin down where - and you haven't got time to sit and work it out because the day job swallowed you again.

I've got a few spots open this month for a free 30-minute Quick Wins Profit Maximiser session.

In half an hour, we will:

- Find the one or two places your margin is most likely leaking right now
- Work out which lever in your business will move the most money the fastest
- Give you something you can act on this week, not a folder to think about later

You will leave the call knowing exactly which bit to fix first and what it is worth fixing. That is it. No worksheets. No pitch. No catch.

'Her fees are completely outstripped by the money that you will get back.' - John Davy, business owner

Spots this month are limited. If you'd like one, book here: {booking_link}

Pam
```

_Send to existing contacts, referral partners and warm leads first. Drop into any nurture sequence at the point where the owner has engaged with the BOSS Scorecard or a piece of content._

**Nudge email**

```text
Subject: Just bubbling this back up

Hi {first_name},

I sent this a few days ago. Thought it was worth a quick nudge in case it got buried.

I've got a couple of spots left this month for the Quick Wins Profit Maximiser - a free 30 minutes where we look at where the margin is going in your business and what to do about it first.

If the timing's right: {booking_link}

If not, no bother.

Pam
```

_Send three to five days after the launch email if no response. Keep it short. Do not repeat the full pitch._

**LinkedIn DM invite**

```text
Hi {first_name}, I work with MDs of groundworks and civils businesses in Yorkshire - owners who are putting decent turnover through but not seeing enough of it at month-end. I've got a free 30-minute session this month called the Quick Wins Profit Maximiser where we look at exactly where the margin is going and what to fix first. No pitch, no catch. Want the link?
```

_Use after connecting with an MD in groundworks, civils, drainage or allied trades who matches the avatar. Send within 48 hours of the connection being accepted. Do not send with the connection request._

**LinkedIn DM nudge**

```text
Just checking this didn't get lost - happy to send the link if it's useful.
```

_Send three to four days after the DM invite if no reply._

**LinkedIn Featured description**

```text
Free 30-minute Quick Wins Profit Maximiser for Yorkshire MDs in groundworks and allied trades. We find where the margin is going and what to fix first. No pitch, no catch. A few spots open each month.
```

_Place in the Featured section of Pam's LinkedIn profile with the booking link. Three lines maximum so it reads cleanly on mobile._

**Calendar page description**

```text
This is a free 30-minute call for MDs of groundworks, civils, drainage and allied trades businesses in Yorkshire. We look at where the margin is leaking, which profit lever will move the most money the fastest, and what you can act on straight away. No worksheets, no pitch. Just a straight look at your numbers. Book a slot that suits you and I will send a short prep question beforehand so we make the most of the 30 minutes.
```

_Use on Calendly or equivalent. Keep the tone plain. Do not add a long bio or a list of features._

### If they say not now

Don't push. Don't handle the objection. Just say: 'No problem at all, Steve. The main thing is you've got a clearer picture of where to focus.' Then send a short written note within 24 hours - two or three plain sentences summarising the one or two things you spotted in the session, and what they are worth acting on. No brochure, no follow-up sequence, no pressure. Close with: 'If it would be useful, I'm happy to check in with you in a couple of weeks and see how you're getting on.' Then do that. One short message, two weeks later. Most of the MDs who say not now are not saying no. They are saying not yet. Treat them accordingly.
